Archive member included because of file (symbol)

c:/coocox/gcc-arm-none-eabi-4_9-2014q4-20141203-win32/bin/../lib/gcc/arm-none-eabi/4.9.3/../../../../arm-none-eabi/lib/armv7e-m\libg.a(lib_a-malloc.o)
                              ..\obj\waypoints.o (malloc)
c:/coocox/gcc-arm-none-eabi-4_9-2014q4-20141203-win32/bin/../lib/gcc/arm-none-eabi/4.9.3/../../../../arm-none-eabi/lib/armv7e-m\libg.a(lib_a-mallocr.o)
                              c:/coocox/gcc-arm-none-eabi-4_9-2014q4-20141203-win32/bin/../lib/gcc/arm-none-eabi/4.9.3/../../../../arm-none-eabi/lib/armv7e-m\libg.a(lib_a-malloc.o) (_malloc_r)
c:/coocox/gcc-arm-none-eabi-4_9-2014q4-20141203-win32/bin/../lib/gcc/arm-none-eabi/4.9.3/../../../../arm-none-eabi/lib/armv7e-m\libg.a(lib_a-memcpy.o)
                              ..\obj\dataqueue.o (memcpy)
c:/coocox/gcc-arm-none-eabi-4_9-2014q4-20141203-win32/bin/../lib/gcc/arm-none-eabi/4.9.3/../../../../arm-none-eabi/lib/armv7e-m\libg.a(lib_a-memset.o)
                              ..\obj\interrupts.o (memset)
c:/coocox/gcc-arm-none-eabi-4_9-2014q4-20141203-win32/bin/../lib/gcc/arm-none-eabi/4.9.3/../../../../arm-none-eabi/lib/armv7e-m\libg.a(lib_a-mlock.o)
                              c:/coocox/gcc-arm-none-eabi-4_9-2014q4-20141203-win32/bin/../lib/gcc/arm-none-eabi/4.9.3/../../../../arm-none-eabi/lib/armv7e-m\libg.a(lib_a-mallocr.o) (__malloc_lock)
c:/coocox/gcc-arm-none-eabi-4_9-2014q4-20141203-win32/bin/../lib/gcc/arm-none-eabi/4.9.3/../../../../arm-none-eabi/lib/armv7e-m\libg.a(lib_a-sbrkr.o)
                              c:/coocox/gcc-arm-none-eabi-4_9-2014q4-20141203-win32/bin/../lib/gcc/arm-none-eabi/4.9.3/../../../../arm-none-eabi/lib/armv7e-m\libg.a(lib_a-mallocr.o) (_sbrk_r)
c:/coocox/gcc-arm-none-eabi-4_9-2014q4-20141203-win32/bin/../lib/gcc/arm-none-eabi/4.9.3/../../../../arm-none-eabi/lib/armv7e-m\libg.a(lib_a-freer.o)
                              c:/coocox/gcc-arm-none-eabi-4_9-2014q4-20141203-win32/bin/../lib/gcc/arm-none-eabi/4.9.3/../../../../arm-none-eabi/lib/armv7e-m\libg.a(lib_a-malloc.o) (_free_r)
c:/coocox/gcc-arm-none-eabi-4_9-2014q4-20141203-win32/bin/../lib/gcc/arm-none-eabi/4.9.3/../../../../arm-none-eabi/lib/armv7e-m\libg.a(lib_a-reent.o)
                              c:/coocox/gcc-arm-none-eabi-4_9-2014q4-20141203-win32/bin/../lib/gcc/arm-none-eabi/4.9.3/../../../../arm-none-eabi/lib/armv7e-m\libg.a(lib_a-sbrkr.o) (errno)

Allocating common symbols
Common symbol       size              file

g_packet            0x6e              ..\obj\protocol.o
errno               0x4               c:/coocox/gcc-arm-none-eabi-4_9-2014q4-20141203-win32/bin/../lib/gcc/arm-none-eabi/4.9.3/../../../../arm-none-eabi/lib/armv7e-m\libg.a(lib_a-reent.o)
g_transmit_time     0x4               ..\obj\main.o
g_dataqueue_front   0x4               ..\obj\main.o
g_data              0x9               ..\obj\main.o
g_dataqueue_lock    0x4               ..\obj\main.o
Rx_Buffer           0x6e              ..\obj\protocol.o
g_count             0x4               ..\obj\main.o
g_dataqueue_size    0x4               ..\obj\main.o
g_queue             0x4b0             ..\obj\main.o

Discarded input sections

 .text          0x00000000        0x0 ..\obj\semihosting.o
 .data          0x00000000        0x0 ..\obj\semihosting.o
 .bss           0x00000000       0x14 ..\obj\semihosting.o
 .text.SH_SendChar
                0x00000000       0x68 ..\obj\semihosting.o
 .text.SH_SendString
                0x00000000       0x24 ..\obj\semihosting.o
 .text.SH_GetChar
                0x00000000       0x40 ..\obj\semihosting.o
 .debug_info    0x00000000      0x12b ..\obj\semihosting.o
 .debug_abbrev  0x00000000       0xab ..\obj\semihosting.o
 .debug_aranges
                0x00000000       0x30 ..\obj\semihosting.o
 .debug_ranges  0x00000000       0x20 ..\obj\semihosting.o
 .debug_line    0x00000000       0xb4 ..\obj\semihosting.o
 .debug_str     0x00000000      0x18e ..\obj\semihosting.o
 .comment       0x00000000       0x71 ..\obj\semihosting.o
 .debug_frame   0x00000000       0x7c ..\obj\semihosting.o
 .ARM.attributes
                0x00000000       0x33 ..\obj\semihosting.o
 .text          0x00000000        0x0 ..\obj\protocol.o
 .data          0x00000000        0x0 ..\obj\protocol.o
 .bss           0x00000000        0x0 ..\obj\protocol.o
 .text.protocol_init_data
                0x00000000       0x48 ..\obj\protocol.o
 .text.protocol_tx_data
                0x00000000       0x3c ..\obj\protocol.o
 .text.protocol_rx_data
                0x00000000       0xac ..\obj\protocol.o
 .rodata        0x00000000        0x4 ..\obj\protocol.o
 .text.protocol_debug
                0x00000000       0x7c ..\obj\protocol.o
 .text          0x00000000        0x0 ..\obj\interrupts.o
 .bss           0x00000000        0x0 ..\obj\interrupts.o
 .text          0x00000000        0x0 ..\obj\stm32f4xx_usart.o
 .data          0x00000000        0x0 ..\obj\stm32f4xx_usart.o
 .bss           0x00000000        0x0 ..\obj\stm32f4xx_usart.o
 .text.USART_DeInit
                0x00000000       0xd0 ..\obj\stm32f4xx_usart.o
 .text.USART_StructInit
                0x00000000       0x38 ..\obj\stm32f4xx_usart.o
 .text.USART_ClockInit
                0x00000000       0x54 ..\obj\stm32f4xx_usart.o
 .text.USART_ClockStructInit
                0x00000000       0x2c ..\obj\stm32f4xx_usart.o
 .text.USART_SetPrescaler
                0x00000000       0x38 ..\obj\stm32f4xx_usart.o
 .text.USART_OverSampling8Cmd
                0x00000000       0x44 ..\obj\stm32f4xx_usart.o
 .text.USART_OneBitMethodCmd
                0x00000000       0x40 ..\obj\stm32f4xx_usart.o
 .text.USART_SetAddress
                0x00000000       0x38 ..\obj\stm32f4xx_usart.o
 .text.USART_ReceiverWakeUpCmd
                0x00000000       0x40 ..\obj\stm32f4xx_usart.o
 .text.USART_WakeUpConfig
                0x00000000       0x38 ..\obj\stm32f4xx_usart.o
 .text.USART_LINBreakDetectLengthConfig
                0x00000000       0x38 ..\obj\stm32f4xx_usart.o
 .text.USART_LINCmd
                0x00000000       0x40 ..\obj\stm32f4xx_usart.o
 .text.USART_SendBreak
                0x00000000       0x24 ..\obj\stm32f4xx_usart.o
 .text.USART_HalfDuplexCmd
                0x00000000       0x40 ..\obj\stm32f4xx_usart.o
 .text.USART_SetGuardTime
                0x00000000       0x3c ..\obj\stm32f4xx_usart.o
 .text.USART_SmartCardCmd
                0x00000000       0x40 ..\obj\stm32f4xx_usart.o
 .text.USART_SmartCardNACKCmd
                0x00000000       0x40 ..\obj\stm32f4xx_usart.o
 .text.USART_IrDAConfig
                0x00000000       0x38 ..\obj\stm32f4xx_usart.o
 .text.USART_IrDACmd
                0x00000000       0x40 ..\obj\stm32f4xx_usart.o
 .text.USART_DMACmd
                0x00000000       0x48 ..\obj\stm32f4xx_usart.o
 .text.USART_ClearFlag
                0x00000000       0x20 ..\obj\stm32f4xx_usart.o
 .text.USART_ClearITPendingBit
                0x00000000       0x38 ..\obj\stm32f4xx_usart.o
 .text          0x00000000        0x0 ..\obj\stm32f4xx_pwr.o
 .data          0x00000000        0x0 ..\obj\stm32f4xx_pwr.o
 .bss           0x00000000        0x0 ..\obj\stm32f4xx_pwr.o
 .text.PWR_DeInit
                0x00000000       0x1c ..\obj\stm32f4xx_pwr.o
 .text.PWR_BackupAccessCmd
                0x00000000       0x20 ..\obj\stm32f4xx_pwr.o
 .text.PWR_PVDLevelConfig
                0x00000000       0x38 ..\obj\stm32f4xx_pwr.o
 .text.PWR_PVDCmd
                0x00000000       0x20 ..\obj\stm32f4xx_pwr.o
 .text.PWR_WakeUpPinCmd
                0x00000000       0x20 ..\obj\stm32f4xx_pwr.o
 .text.PWR_BackupRegulatorCmd
                0x00000000       0x20 ..\obj\stm32f4xx_pwr.o
 .text.PWR_MainRegulatorModeConfig
                0x00000000       0x38 ..\obj\stm32f4xx_pwr.o
 .text.PWR_FlashPowerDownCmd
                0x00000000       0x20 ..\obj\stm32f4xx_pwr.o
 .text.PWR_EnterSTOPMode
                0x00000000       0x64 ..\obj\stm32f4xx_pwr.o
 .text.PWR_EnterSTANDBYMode
                0x00000000       0x3c ..\obj\stm32f4xx_pwr.o
 .text.PWR_GetFlagStatus
                0x00000000       0x34 ..\obj\stm32f4xx_pwr.o
 .text.PWR_ClearFlag
                0x00000000       0x24 ..\obj\stm32f4xx_pwr.o
 .debug_info    0x00000000      0x4fc ..\obj\stm32f4xx_pwr.o
 .debug_abbrev  0x00000000      0x17f ..\obj\stm32f4xx_pwr.o
 .debug_aranges
                0x00000000       0x78 ..\obj\stm32f4xx_pwr.o
 .debug_ranges  0x00000000       0x68 ..\obj\stm32f4xx_pwr.o
 .debug_line    0x00000000      0x2ca ..\obj\stm32f4xx_pwr.o
 .debug_str     0x00000000      0x395 ..\obj\stm32f4xx_pwr.o
 .comment       0x00000000       0x71 ..\obj\stm32f4xx_pwr.o
 .debug_frame   0x00000000      0x1dc ..\obj\stm32f4xx_pwr.o
 .ARM.attributes
                0x00000000       0x33 ..\obj\stm32f4xx_pwr.o
 .text          0x00000000        0x0 ..\obj\stm32f4xx_dac.o
 .data          0x00000000        0x0 ..\obj\stm32f4xx_dac.o
 .bss           0x00000000        0x0 ..\obj\stm32f4xx_dac.o
 .text.DAC_DeInit
                0x00000000       0x1c ..\obj\stm32f4xx_dac.o
 .text.DAC_Init
                0x00000000       0x64 ..\obj\stm32f4xx_dac.o
 .text.DAC_StructInit
                0x00000000       0x2c ..\obj\stm32f4xx_dac.o
 .text.DAC_Cmd  0x00000000       0x48 ..\obj\stm32f4xx_dac.o
 .text.DAC_SoftwareTriggerCmd
                0x00000000       0x4c ..\obj\stm32f4xx_dac.o
 .text.DAC_DualSoftwareTriggerCmd
                0x00000000       0x38 ..\obj\stm32f4xx_dac.o
 .text.DAC_WaveGenerationCmd
                0x00000000       0x4c ..\obj\stm32f4xx_dac.o
 .text.DAC_SetChannel1Data
                0x00000000       0x34 ..\obj\stm32f4xx_dac.o
 .text.DAC_SetChannel2Data
                0x00000000       0x34 ..\obj\stm32f4xx_dac.o
 .text.DAC_SetDualChannelData
                0x00000000       0x58 ..\obj\stm32f4xx_dac.o
 .text.DAC_GetDataOutputValue
                0x00000000       0x34 ..\obj\stm32f4xx_dac.o
 .text.DAC_DMACmd
                0x00000000       0x4c ..\obj\stm32f4xx_dac.o
 .text.DAC_ITConfig
                0x00000000       0x4c ..\obj\stm32f4xx_dac.o
 .text.DAC_GetFlagStatus
                0x00000000       0x3c ..\obj\stm32f4xx_dac.o
 .text.DAC_ClearFlag
                0x00000000       0x24 ..\obj\stm32f4xx_dac.o
 .text.DAC_GetITStatus
                0x00000000       0x58 ..\obj\stm32f4xx_dac.o
 .text.DAC_ClearITPendingBit
                0x00000000       0x24 ..\obj\stm32f4xx_dac.o
 .debug_info    0x00000000      0x63a ..\obj\stm32f4xx_dac.o
 .debug_abbrev  0x00000000      0x17c ..\obj\stm32f4xx_dac.o
 .debug_aranges
                0x00000000       0xa0 ..\obj\stm32f4xx_dac.o
 .debug_ranges  0x00000000       0x90 ..\obj\stm32f4xx_dac.o
 .debug_line    0x00000000      0x371 ..\obj\stm32f4xx_dac.o
 .debug_str     0x00000000      0x457 ..\obj\stm32f4xx_dac.o
 .comment       0x00000000       0x71 ..\obj\stm32f4xx_dac.o
 .debug_frame   0x00000000      0x2ac ..\obj\stm32f4xx_dac.o
 .ARM.attributes
                0x00000000       0x33 ..\obj\stm32f4xx_dac.o
 .text          0x00000000        0x0 ..\obj\dataqueue.o
 .data          0x00000000        0x0 ..\obj\dataqueue.o
 .bss           0x00000000        0x0 ..\obj\dataqueue.o
 .text          0x00000000        0x0 ..\obj\startup_stm32f4xx.o
 .data          0x00000000        0x0 ..\obj\startup_stm32f4xx.o
 .bss           0x00000000        0x0 ..\obj\startup_stm32f4xx.o
 .text          0x00000000        0x0 ..\obj\waypoints.o
 .data          0x00000000        0x0 ..\obj\waypoints.o
 .bss           0x00000000        0x0 ..\obj\waypoints.o
 .text          0x00000000        0x0 ..\obj\main.o
 .data          0x00000000        0x0 ..\obj\main.o
 .text          0x00000000        0x0 ..\obj\stm32f4xx_rcc.o
 .bss           0x00000000        0x0 ..\obj\stm32f4xx_rcc.o
 .text.RCC_DeInit
                0x00000000       0x50 ..\obj\stm32f4xx_rcc.o
 .text.RCC_HSEConfig
                0x00000000       0x24 ..\obj\stm32f4xx_rcc.o
 .text.RCC_WaitForHSEStartUp
                0x00000000       0x50 ..\obj\stm32f4xx_rcc.o
 .text.RCC_AdjustHSICalibrationValue
                0x00000000       0x3c ..\obj\stm32f4xx_rcc.o
 .text.RCC_HSICmd
                0x00000000       0x20 ..\obj\stm32f4xx_rcc.o
 .text.RCC_LSEConfig
                0x00000000       0x40 ..\obj\stm32f4xx_rcc.o
 .text.RCC_LSICmd
                0x00000000       0x20 ..\obj\stm32f4xx_rcc.o
 .text.RCC_PLLConfig
                0x00000000       0x3c ..\obj\stm32f4xx_rcc.o
 .text.RCC_PLLCmd
                0x00000000       0x20 ..\obj\stm32f4xx_rcc.o
 .text.RCC_PLLI2SConfig
                0x00000000       0x28 ..\obj\stm32f4xx_rcc.o
 .text.RCC_PLLI2SCmd
                0x00000000       0x20 ..\obj\stm32f4xx_rcc.o
 .text.RCC_ClockSecuritySystemCmd
                0x00000000       0x20 ..\obj\stm32f4xx_rcc.o
 .text.RCC_MCO1Config
                0x00000000       0x3c ..\obj\stm32f4xx_rcc.o
 .text.RCC_MCO2Config
                0x00000000       0x3c ..\obj\stm32f4xx_rcc.o
 .text.RCC_SYSCLKConfig
                0x00000000       0x38 ..\obj\stm32f4xx_rcc.o
 .text.RCC_GetSYSCLKSource
                0x00000000       0x20 ..\obj\stm32f4xx_rcc.o
 .text.RCC_HCLKConfig
                0x00000000       0x38 ..\obj\stm32f4xx_rcc.o
 .text.RCC_PCLK1Config
                0x00000000       0x38 ..\obj\stm32f4xx_rcc.o
 .text.RCC_PCLK2Config
                0x00000000       0x38 ..\obj\stm32f4xx_rcc.o
 .text.RCC_RTCCLKConfig
                0x00000000       0x5c ..\obj\stm32f4xx_rcc.o
 .text.RCC_RTCCLKCmd
                0x00000000       0x20 ..\obj\stm32f4xx_rcc.o
 .text.RCC_BackupResetCmd
                0x00000000       0x20 ..\obj\stm32f4xx_rcc.o
 .text.RCC_I2SCLKConfig
                0x00000000       0x1c ..\obj\stm32f4xx_rcc.o
 .text.RCC_AHB2PeriphClockCmd
                0x00000000       0x3c ..\obj\stm32f4xx_rcc.o
 .text.RCC_AHB3PeriphClockCmd
                0x00000000       0x3c ..\obj\stm32f4xx_rcc.o
 .text.RCC_AHB1PeriphResetCmd
                0x00000000       0x3c ..\obj\stm32f4xx_rcc.o
 .text.RCC_AHB2PeriphResetCmd
                0x00000000       0x3c ..\obj\stm32f4xx_rcc.o
 .text.RCC_AHB3PeriphResetCmd
                0x00000000       0x3c ..\obj\stm32f4xx_rcc.o
 .text.RCC_APB1PeriphResetCmd
                0x00000000       0x3c ..\obj\stm32f4xx_rcc.o
 .text.RCC_APB2PeriphResetCmd
                0x00000000       0x3c ..\obj\stm32f4xx_rcc.o
 .text.RCC_AHB1PeriphClockLPModeCmd
                0x00000000       0x3c ..\obj\stm32f4xx_rcc.o
 .text.RCC_AHB2PeriphClockLPModeCmd
                0x00000000       0x3c ..\obj\stm32f4xx_rcc.o
 .text.RCC_AHB3PeriphClockLPModeCmd
                0x00000000       0x3c ..\obj\stm32f4xx_rcc.o
 .text.RCC_APB1PeriphClockLPModeCmd
                0x00000000       0x3c ..\obj\stm32f4xx_rcc.o
 .text.RCC_APB2PeriphClockLPModeCmd
                0x00000000       0x3c ..\obj\stm32f4xx_rcc.o
 .text.RCC_ITConfig
                0x00000000       0x4c ..\obj\stm32f4xx_rcc.o
 .text.RCC_GetFlagStatus
                0x00000000       0x74 ..\obj\stm32f4xx_rcc.o
 .text.RCC_ClearFlag
                0x00000000       0x1c ..\obj\stm32f4xx_rcc.o
 .text.RCC_GetITStatus
                0x00000000       0x38 ..\obj\stm32f4xx_rcc.o
 .text.RCC_ClearITPendingBit
                0x00000000       0x20 ..\obj\stm32f4xx_rcc.o
 .text          0x00000000        0x0 ..\obj\stm32f4xx_adc.o
 .data          0x00000000        0x0 ..\obj\stm32f4xx_adc.o
 .bss           0x00000000        0x0 ..\obj\stm32f4xx_adc.o
 .text.ADC_DeInit
                0x00000000       0x1c ..\obj\stm32f4xx_adc.o
 .text.ADC_Init
                0x00000000       0xa8 ..\obj\stm32f4xx_adc.o
 .text.ADC_StructInit
                0x00000000       0x3c ..\obj\stm32f4xx_adc.o
 .text.ADC_CommonInit
                0x00000000       0x50 ..\obj\stm32f4xx_adc.o
 .text.ADC_CommonStructInit
                0x00000000       0x2c ..\obj\stm32f4xx_adc.o
 .text.ADC_Cmd  0x00000000       0x38 ..\obj\stm32f4xx_adc.o
 .text.ADC_AnalogWatchdogCmd
                0x00000000       0x38 ..\obj\stm32f4xx_adc.o
 .text.ADC_AnalogWatchdogThresholdsConfig
                0x00000000       0x28 ..\obj\stm32f4xx_adc.o
 .text.ADC_AnalogWatchdogSingleChannelConfig
                0x00000000       0x38 ..\obj\stm32f4xx_adc.o
 .text.ADC_TempSensorVrefintCmd
                0x00000000       0x38 ..\obj\stm32f4xx_adc.o
 .text.ADC_VBATCmd
                0x00000000       0x38 ..\obj\stm32f4xx_adc.o
 .text.ADC_RegularChannelConfig
                0x00000000      0x194 ..\obj\stm32f4xx_adc.o
 .text.ADC_SoftwareStartConv
                0x00000000       0x20 ..\obj\stm32f4xx_adc.o
 .text.ADC_GetSoftwareStartConvStatus
                0x00000000       0x30 ..\obj\stm32f4xx_adc.o
 .text.ADC_EOCOnEachRegularChannelCmd
                0x00000000       0x38 ..\obj\stm32f4xx_adc.o
 .text.ADC_ContinuousModeCmd
                0x00000000       0x38 ..\obj\stm32f4xx_adc.o
 .text.ADC_DiscModeChannelCountConfig
                0x00000000       0x44 ..\obj\stm32f4xx_adc.o
 .text.ADC_DiscModeCmd
                0x00000000       0x38 ..\obj\stm32f4xx_adc.o
 .text.ADC_GetConversionValue
                0x00000000       0x1c ..\obj\stm32f4xx_adc.o
 .text.ADC_GetMultiModeConversionValue
                0x00000000       0x18 ..\obj\stm32f4xx_adc.o
 .text.ADC_DMACmd
                0x00000000       0x38 ..\obj\stm32f4xx_adc.o
 .text.ADC_DMARequestAfterLastTransferCmd
                0x00000000       0x38 ..\obj\stm32f4xx_adc.o
 .text.ADC_MultiModeDMARequestAfterLastTransferCmd
                0x00000000       0x38 ..\obj\stm32f4xx_adc.o
 .text.ADC_InjectedChannelConfig
                0x00000000      0x120 ..\obj\stm32f4xx_adc.o
 .text.ADC_InjectedSequencerLengthConfig
                0x00000000       0x44 ..\obj\stm32f4xx_adc.o
 .text.ADC_SetInjectedOffset
                0x00000000       0x34 ..\obj\stm32f4xx_adc.o
 .text.ADC_ExternalTrigInjectedConvConfig
                0x00000000       0x34 ..\obj\stm32f4xx_adc.o
 .text.ADC_ExternalTrigInjectedConvEdgeConfig
                0x00000000       0x34 ..\obj\stm32f4xx_adc.o
 .text.ADC_SoftwareStartInjectedConv
                0x00000000       0x20 ..\obj\stm32f4xx_adc.o
 .text.ADC_GetSoftwareStartInjectedConvCmdStatus
                0x00000000       0x30 ..\obj\stm32f4xx_adc.o
 .text.ADC_AutoInjectedConvCmd
                0x00000000       0x38 ..\obj\stm32f4xx_adc.o
 .text.ADC_InjectedDiscModeCmd
                0x00000000       0x38 ..\obj\stm32f4xx_adc.o
 .text.ADC_GetInjectedConversionValue
                0x00000000       0x30 ..\obj\stm32f4xx_adc.o
 .text.ADC_ITConfig
                0x00000000       0x50 ..\obj\stm32f4xx_adc.o
 .text.ADC_GetFlagStatus
                0x00000000       0x34 ..\obj\stm32f4xx_adc.o
 .text.ADC_ClearFlag
                0x00000000       0x20 ..\obj\stm32f4xx_adc.o
 .text.ADC_GetITStatus
                0x00000000       0x5c ..\obj\stm32f4xx_adc.o
 .text.ADC_ClearITPendingBit
                0x00000000       0x2c ..\obj\stm32f4xx_adc.o
 .debug_info    0x00000000      0xc38 ..\obj\stm32f4xx_adc.o
 .debug_abbrev  0x00000000      0x196 ..\obj\stm32f4xx_adc.o
 .debug_aranges
                0x00000000      0x148 ..\obj\stm32f4xx_adc.o
 .debug_ranges  0x00000000      0x138 ..\obj\stm32f4xx_adc.o
 .debug_line    0x00000000      0x56b ..\obj\stm32f4xx_adc.o
 .debug_str     0x00000000      0x808 ..\obj\stm32f4xx_adc.o
 .comment       0x00000000       0x71 ..\obj\stm32f4xx_adc.o
 .debug_frame   0x00000000      0x5ec ..\obj\stm32f4xx_adc.o
 .ARM.attributes
                0x00000000       0x33 ..\obj\stm32f4xx_adc.o
 .text          0x00000000        0x0 ..\obj\printf.o
 .bss           0x00000000        0x0 ..\obj\printf.o
 .text.PrintChar
                0x00000000       0x18 ..\obj\printf.o
 .text.PutChar  0x00000000       0x20 ..\obj\printf.o
 .text.PutString
                0x00000000       0x3c ..\obj\printf.o
 .text.PutUnsignedInt
                0x00000000       0xa0 ..\obj\printf.o
 .text.PutSignedInt
                0x00000000      0x104 ..\obj\printf.o
 .text.PutHexa  0x00000000       0xd8 ..\obj\printf.o
 .text.vsnprintf
                0x00000000      0x25c ..\obj\printf.o
 .text.snprintf
                0x00000000       0x30 ..\obj\printf.o
 .text.vsprintf
                0x00000000       0x24 ..\obj\printf.o
 .rodata        0x00000000       0x24 ..\obj\printf.o
 .text.vfprintf
                0x00000000       0x68 ..\obj\printf.o
 .text.vprintf  0x00000000       0x28 ..\obj\printf.o
 .text.fprintf  0x00000000       0x2c ..\obj\printf.o
 .text.printf   0x00000000       0x28 ..\obj\printf.o
 .text.sprintf  0x00000000       0x2c ..\obj\printf.o
 .text.puts     0x00000000       0x24 ..\obj\printf.o
 .text.fputc    0x00000000       0x40 ..\obj\printf.o
 .text.fputs    0x00000000       0x48 ..\obj\printf.o
 .text          0x00000000        0x0 ..\obj\stm32f4xx_gpio.o
 .data          0x00000000        0x0 ..\obj\stm32f4xx_gpio.o
 .bss           0x00000000        0x0 ..\obj\stm32f4xx_gpio.o
 .text.GPIO_DeInit
                0x00000000      0x120 ..\obj\stm32f4xx_gpio.o
 .text.GPIO_StructInit
                0x00000000       0x34 ..\obj\stm32f4xx_gpio.o
 .text.GPIO_PinLockConfig
                0x00000000       0x44 ..\obj\stm32f4xx_gpio.o
 .text.GPIO_ReadInputDataBit
                0x00000000       0x34 ..\obj\stm32f4xx_gpio.o
 .text.GPIO_ReadInputData
                0x00000000       0x1c ..\obj\stm32f4xx_gpio.o
 .text.GPIO_ReadOutputDataBit
                0x00000000       0x34 ..\obj\stm32f4xx_gpio.o
 .text.GPIO_ReadOutputData
                0x00000000       0x1c ..\obj\stm32f4xx_gpio.o
 .text.GPIO_SetBits
                0x00000000       0x1c ..\obj\stm32f4xx_gpio.o
 .text.GPIO_ResetBits
                0x00000000       0x1c ..\obj\stm32f4xx_gpio.o
 .text.GPIO_WriteBit
                0x00000000       0x30 ..\obj\stm32f4xx_gpio.o
 .text.GPIO_Write
                0x00000000       0x1c ..\obj\stm32f4xx_gpio.o
 .data          0x00000000        0x0 ..\obj\sh_cmd.o
 .bss           0x00000000        0x0 ..\obj\sh_cmd.o
 .text          0x00000000        0x0 ..\obj\system_stm32f4xx.o
 .data          0x00000000       0x14 ..\obj\system_stm32f4xx.o
 .bss           0x00000000        0x0 ..\obj\system_stm32f4xx.o
 .text.SystemInit
                0x00000000       0x58 ..\obj\system_stm32f4xx.o
 .text.SystemCoreClockUpdate
                0x00000000       0xf8 ..\obj\system_stm32f4xx.o
 .text.SetSysClock
                0x00000000       0xf4 ..\obj\system_stm32f4xx.o
 .debug_info    0x00000000      0x592 ..\obj\system_stm32f4xx.o
 .debug_abbrev  0x00000000      0x136 ..\obj\system_stm32f4xx.o
 .debug_aranges
                0x00000000       0x30 ..\obj\system_stm32f4xx.o
 .debug_ranges  0x00000000       0x20 ..\obj\system_stm32f4xx.o
 .debug_line    0x00000000      0x1ff ..\obj\system_stm32f4xx.o
 .debug_str     0x00000000      0x3ae ..\obj\system_stm32f4xx.o
 .comment       0x00000000       0x71 ..\obj\system_stm32f4xx.o
 .debug_frame   0x00000000       0x7c ..\obj\system_stm32f4xx.o
 .ARM.attributes
                0x00000000       0x33 ..\obj\system_stm32f4xx.o
 .text          0x00000000        0x0 ..\obj\syscalls.o
 .data          0x00000000        0x0 ..\obj\syscalls.o
 .text.link     0x00000000       0x1c ..\obj\syscalls.o
 .text._close   0x00000000       0x18 ..\obj\syscalls.o
 .text._fstat   0x00000000       0x20 ..\obj\syscalls.o
 .text._isatty  0x00000000       0x18 ..\obj\syscalls.o
 .text._lseek   0x00000000       0x1c ..\obj\syscalls.o
 .text._read    0x00000000       0x1c ..\obj\syscalls.o
 .text._write   0x00000000       0x1c ..\obj\syscalls.o
 .text.abort    0x00000000        0x8 ..\obj\syscalls.o
 .text          0x00000000        0x0 ..\obj\stm32f4xx_dma.o
 .data          0x00000000        0x0 ..\obj\stm32f4xx_dma.o
 .bss           0x00000000        0x0 ..\obj\stm32f4xx_dma.o
 .text.DMA_DeInit
                0x00000000      0x1a4 ..\obj\stm32f4xx_dma.o
 .text.DMA_Init
                0x00000000       0xac ..\obj\stm32f4xx_dma.o
 .text.DMA_StructInit
                0x00000000       0x6c ..\obj\stm32f4xx_dma.o
 .text.DMA_Cmd  0x00000000       0x38 ..\obj\stm32f4xx_dma.o
 .text.DMA_PeriphIncOffsetSizeConfig
                0x00000000       0x34 ..\obj\stm32f4xx_dma.o
 .text.DMA_FlowControllerConfig
                0x00000000       0x34 ..\obj\stm32f4xx_dma.o
 .text.DMA_SetCurrDataCounter
                0x00000000       0x1c ..\obj\stm32f4xx_dma.o
 .text.DMA_GetCurrDataCounter
                0x00000000       0x1c ..\obj\stm32f4xx_dma.o
 .text.DMA_DoubleBufferModeConfig
                0x00000000       0x3c ..\obj\stm32f4xx_dma.o
 .text.DMA_DoubleBufferModeCmd
                0x00000000       0x38 ..\obj\stm32f4xx_dma.o
 .text.DMA_MemoryTargetConfig
                0x00000000       0x2c ..\obj\stm32f4xx_dma.o
 .text.DMA_GetCurrentMemoryTarget
                0x00000000       0x30 ..\obj\stm32f4xx_dma.o
 .text.DMA_GetCmdStatus
                0x00000000       0x30 ..\obj\stm32f4xx_dma.o
 .text.DMA_GetFIFOStatus
                0x00000000       0x24 ..\obj\stm32f4xx_dma.o
 .text.DMA_GetFlagStatus
                0x00000000       0x78 ..\obj\stm32f4xx_dma.o
 .text.DMA_ClearFlag
                0x00000000       0x5c ..\obj\stm32f4xx_dma.o
 .text.DMA_ITConfig
                0x00000000       0x74 ..\obj\stm32f4xx_dma.o
 .text.DMA_GetITStatus
                0x00000000       0xb0 ..\obj\stm32f4xx_dma.o
 .text.DMA_ClearITPendingBit
                0x00000000       0x5c ..\obj\stm32f4xx_dma.o
 .debug_info    0x00000000      0x739 ..\obj\stm32f4xx_dma.o
 .debug_abbrev  0x00000000      0x155 ..\obj\stm32f4xx_dma.o
 .debug_aranges
                0x00000000       0xb0 ..\obj\stm32f4xx_dma.o
 .debug_ranges  0x00000000       0xa0 ..\obj\stm32f4xx_dma.o
 .debug_line    0x00000000      0x3f5 ..\obj\stm32f4xx_dma.o
 .debug_str     0x00000000      0x546 ..\obj\stm32f4xx_dma.o
 .comment       0x00000000       0x71 ..\obj\stm32f4xx_dma.o
 .debug_frame   0x00000000      0x308 ..\obj\stm32f4xx_dma.o
 .ARM.attributes
                0x00000000       0x33 ..\obj\stm32f4xx_dma.o
 .text          0x00000000        0x0 ..\obj\stm32f4xx_spi.o
 .data          0x00000000        0x0 ..\obj\stm32f4xx_spi.o
 .bss           0x00000000        0x0 ..\obj\stm32f4xx_spi.o
 .text.SPI_I2S_DeInit
                0x00000000       0x74 ..\obj\stm32f4xx_spi.o
 .text.SPI_Init
                0x00000000       0x88 ..\obj\stm32f4xx_spi.o
 .text.I2S_Init
                0x00000000      0x1b4 ..\obj\stm32f4xx_spi.o
 .text.SPI_StructInit
                0x00000000       0x48 ..\obj\stm32f4xx_spi.o
 .text.I2S_StructInit
                0x00000000       0x38 ..\obj\stm32f4xx_spi.o
 .text.SPI_Cmd  0x00000000       0x40 ..\obj\stm32f4xx_spi.o
 .text.I2S_Cmd  0x00000000       0x40 ..\obj\stm32f4xx_spi.o
 .text.SPI_DataSizeConfig
                0x00000000       0x38 ..\obj\stm32f4xx_spi.o
 .text.SPI_BiDirectionalLineConfig
                0x00000000       0x40 ..\obj\stm32f4xx_spi.o
 .text.SPI_NSSInternalSoftwareConfig
                0x00000000       0x44 ..\obj\stm32f4xx_spi.o
 .text.SPI_SSOutputCmd
                0x00000000       0x40 ..\obj\stm32f4xx_spi.o
 .text.SPI_TIModeCmd
                0x00000000       0x40 ..\obj\stm32f4xx_spi.o
 .text.I2S_FullDuplexConfig
                0x00000000       0x9c ..\obj\stm32f4xx_spi.o
 .text.SPI_I2S_ReceiveData
                0x00000000       0x1c ..\obj\stm32f4xx_spi.o
 .text.SPI_I2S_SendData
                0x00000000       0x1c ..\obj\stm32f4xx_spi.o
 .text.SPI_CalculateCRC
                0x00000000       0x40 ..\obj\stm32f4xx_spi.o
 .text.SPI_TransmitCRC
                0x00000000       0x24 ..\obj\stm32f4xx_spi.o
 .text.SPI_GetCRC
                0x00000000       0x34 ..\obj\stm32f4xx_spi.o
 .text.SPI_GetCRCPolynomial
                0x00000000       0x1c ..\obj\stm32f4xx_spi.o
 .text.SPI_I2S_DMACmd
                0x00000000       0x48 ..\obj\stm32f4xx_spi.o
 .text.SPI_I2S_ITConfig
                0x00000000       0x60 ..\obj\stm32f4xx_spi.o
 .text.SPI_I2S_GetFlagStatus
                0x00000000       0x38 ..\obj\stm32f4xx_spi.o
 .text.SPI_I2S_ClearFlag
                0x00000000       0x20 ..\obj\stm32f4xx_spi.o
 .text.SPI_I2S_GetITStatus
                0x00000000       0x78 ..\obj\stm32f4xx_spi.o
 .text.SPI_I2S_ClearITPendingBit
                0x00000000       0x34 ..\obj\stm32f4xx_spi.o
 .debug_info    0x00000000      0xb07 ..\obj\stm32f4xx_spi.o
 .debug_abbrev  0x00000000      0x167 ..\obj\stm32f4xx_spi.o
 .debug_aranges
                0x00000000       0xe0 ..\obj\stm32f4xx_spi.o
 .debug_ranges  0x00000000       0xd0 ..\obj\stm32f4xx_spi.o
 .debug_line    0x00000000      0x46b ..\obj\stm32f4xx_spi.o
 .debug_str     0x00000000      0x68e ..\obj\stm32f4xx_spi.o
 .comment       0x00000000       0x71 ..\obj\stm32f4xx_spi.o
 .debug_frame   0x00000000      0x3f4 ..\obj\stm32f4xx_spi.o
 .ARM.attributes
                0x00000000       0x33 ..\obj\stm32f4xx_spi.o
 .text          0x00000000        0x0 ..\obj\stm32f4xx_i2c.o
 .data          0x00000000        0x0 ..\obj\stm32f4xx_i2c.o
 .bss           0x00000000        0x0 ..\obj\stm32f4xx_i2c.o
 .text.I2C_DeInit
                0x00000000       0x74 ..\obj\stm32f4xx_i2c.o
 .text.I2C_Init
                0x00000000      0x184 ..\obj\stm32f4xx_i2c.o
 .text.I2C_StructInit
                0x00000000       0x3c ..\obj\stm32f4xx_i2c.o
 .text.I2C_Cmd  0x00000000       0x40 ..\obj\stm32f4xx_i2c.o
 .text.I2C_GenerateSTART
                0x00000000       0x40 ..\obj\stm32f4xx_i2c.o
 .text.I2C_GenerateSTOP
                0x00000000       0x40 ..\obj\stm32f4xx_i2c.o
 .text.I2C_Send7bitAddress
                0x00000000       0x3c ..\obj\stm32f4xx_i2c.o
 .text.I2C_AcknowledgeConfig
                0x00000000       0x40 ..\obj\stm32f4xx_i2c.o
 .text.I2C_OwnAddress2Config
                0x00000000       0x40 ..\obj\stm32f4xx_i2c.o
 .text.I2C_DualAddressCmd
                0x00000000       0x40 ..\obj\stm32f4xx_i2c.o
 .text.I2C_GeneralCallCmd
                0x00000000       0x40 ..\obj\stm32f4xx_i2c.o
 .text.I2C_SoftwareResetCmd
                0x00000000       0x44 ..\obj\stm32f4xx_i2c.o
 .text.I2C_StretchClockCmd
                0x00000000       0x40 ..\obj\stm32f4xx_i2c.o
 .text.I2C_FastModeDutyCycleConfig
                0x00000000       0x40 ..\obj\stm32f4xx_i2c.o
 .text.I2C_NACKPositionConfig
                0x00000000       0x40 ..\obj\stm32f4xx_i2c.o
 .text.I2C_SMBusAlertConfig
                0x00000000       0x40 ..\obj\stm32f4xx_i2c.o
 .text.I2C_ARPCmd
                0x00000000       0x40 ..\obj\stm32f4xx_i2c.o
 .text.I2C_SendData
                0x00000000       0x20 ..\obj\stm32f4xx_i2c.o
 .text.I2C_ReceiveData
                0x00000000       0x1c ..\obj\stm32f4xx_i2c.o
 .text.I2C_TransmitPEC
                0x00000000       0x40 ..\obj\stm32f4xx_i2c.o
 .text.I2C_PECPositionConfig
                0x00000000       0x40 ..\obj\stm32f4xx_i2c.o
 .text.I2C_CalculatePEC
                0x00000000       0x40 ..\obj\stm32f4xx_i2c.o
 .text.I2C_GetPEC
                0x00000000       0x20 ..\obj\stm32f4xx_i2c.o
 .text.I2C_DMACmd
                0x00000000       0x40 ..\obj\stm32f4xx_i2c.o
 .text.I2C_DMALastTransferCmd
                0x00000000       0x40 ..\obj\stm32f4xx_i2c.o
 .text.I2C_ReadRegister
                0x00000000       0x30 ..\obj\stm32f4xx_i2c.o
 .text.I2C_ITConfig
                0x00000000       0x48 ..\obj\stm32f4xx_i2c.o
 .text.I2C_CheckEvent
                0x00000000       0x60 ..\obj\stm32f4xx_i2c.o
 .text.I2C_GetLastEvent
                0x00000000       0x44 ..\obj\stm32f4xx_i2c.o
 .text.I2C_GetFlagStatus
                0x00000000       0x68 ..\obj\stm32f4xx_i2c.o
 .text.I2C_ClearFlag
                0x00000000       0x2c ..\obj\stm32f4xx_i2c.o
 .text.I2C_GetITStatus
                0x00000000       0x5c ..\obj\stm32f4xx_i2c.o
 .text.I2C_ClearITPendingBit
                0x00000000       0x2c ..\obj\stm32f4xx_i2c.o
 .debug_info    0x00000000      0xaf4 ..\obj\stm32f4xx_i2c.o
 .debug_abbrev  0x00000000      0x164 ..\obj\stm32f4xx_i2c.o
 .debug_aranges
                0x00000000      0x120 ..\obj\stm32f4xx_i2c.o
 .debug_ranges  0x00000000      0x110 ..\obj\stm32f4xx_i2c.o
 .debug_line    0x00000000      0x4f4 ..\obj\stm32f4xx_i2c.o
 .debug_str     0x00000000      0x669 ..\obj\stm32f4xx_i2c.o
 .comment       0x00000000       0x71 ..\obj\stm32f4xx_i2c.o
 .debug_frame   0x00000000      0x530 ..\obj\stm32f4xx_i2c.o
 .ARM.attributes
                0x00000000       0x33 ..\obj\stm32f4xx_i2c.o
 .text          0x00000000        0x0 ..\obj\stm32f4xx_rng.o
 .data          0x00000000        0x0 ..\obj\stm32f4xx_rng.o
 .bss           0x00000000        0x0 ..\obj\stm32f4xx_rng.o
 .text.RNG_DeInit
                0x00000000       0x18 ..\obj\stm32f4xx_rng.o
 .text.RNG_Cmd  0x00000000       0x38 ..\obj\stm32f4xx_rng.o
 .text.RNG_GetRandomNumber
                0x00000000       0x18 ..\obj\stm32f4xx_rng.o
 .text.RNG_ITConfig
                0x00000000       0x38 ..\obj\stm32f4xx_rng.o
 .text.RNG_GetFlagStatus
                0x00000000       0x38 ..\obj\stm32f4xx_rng.o
 .text.RNG_ClearFlag
                0x00000000       0x24 ..\obj\stm32f4xx_rng.o
 .text.RNG_GetITStatus
                0x00000000       0x38 ..\obj\stm32f4xx_rng.o
 .text.RNG_ClearITPendingBit
                0x00000000       0x24 ..\obj\stm32f4xx_rng.o
 .debug_info    0x00000000      0x27f ..\obj\stm32f4xx_rng.o
 .debug_abbrev  0x00000000      0x144 ..\obj\stm32f4xx_rng.o
 .debug_aranges
                0x00000000       0x58 ..\obj\stm32f4xx_rng.o
 .debug_ranges  0x00000000       0x48 ..\obj\stm32f4xx_rng.o
 .debug_line    0x00000000      0x250 ..\obj\stm32f4xx_rng.o
 .debug_str     0x00000000      0x27d ..\obj\stm32f4xx_rng.o
 .comment       0x00000000       0x71 ..\obj\stm32f4xx_rng.o
 .debug_frame   0x00000000      0x13c ..\obj\stm32f4xx_rng.o
 .ARM.attributes
                0x00000000       0x33 ..\obj\stm32f4xx_rng.o
 .text          0x00000000        0x0 ..\obj\misc.o
 .data          0x00000000        0x0 ..\obj\misc.o
 .bss           0x00000000        0x0 ..\obj\misc.o
 .text.NVIC_PriorityGroupConfig
                0x00000000       0x24 ..\obj\misc.o
 .text.NVIC_SetVectorTable
                0x00000000       0x2c ..\obj\misc.o
 .text.NVIC_SystemLPConfig
                0x00000000       0x40 ..\obj\misc.o
 .text.SysTick_CLKSourceConfig
                0x00000000       0x38 ..\obj\misc.o
 .text          0x00000000        0x0 ..\obj\parsers.o
 .data          0x00000000        0x0 ..\obj\parsers.o
 .bss           0x00000000        0x0 ..\obj\parsers.o
 .text          0x00000000        0x0 ..\obj\stm32f4xx_rtc.o
 .data          0x00000000        0x0 ..\obj\stm32f4xx_rtc.o
 .bss           0x00000000        0x0 ..\obj\stm32f4xx_rtc.o
 .text.RTC_DeInit
                0x00000000       0xdc ..\obj\stm32f4xx_rtc.o
 .text.RTC_Init
                0x00000000       0x78 ..\obj\stm32f4xx_rtc.o
 .text.RTC_StructInit
                0x00000000       0x24 ..\obj\stm32f4xx_rtc.o
 .text.RTC_WriteProtectionCmd
                0x00000000       0x34 ..\obj\stm32f4xx_rtc.o
 .text.RTC_EnterInitMode
                0x00000000       0x74 ..\obj\stm32f4xx_rtc.o
 .text.RTC_ExitInitMode
                0x00000000       0x1c ..\obj\stm32f4xx_rtc.o
 .text.RTC_WaitForSynchro
                0x00000000       0x78 ..\obj\stm32f4xx_rtc.o
 .text.RTC_RefClockCmd
                0x00000000       0x68 ..\obj\stm32f4xx_rtc.o
 .text.RTC_BypassShadowCmd
                0x00000000       0x4c ..\obj\stm32f4xx_rtc.o
 .text.RTC_SetTime
                0x00000000      0x104 ..\obj\stm32f4xx_rtc.o
 .text.RTC_TimeStructInit
                0x00000000       0x2c ..\obj\stm32f4xx_rtc.o
 .text.RTC_GetTime
                0x00000000       0x9c ..\obj\stm32f4xx_rtc.o
 .text.RTC_GetSubSecond
                0x00000000       0x28 ..\obj\stm32f4xx_rtc.o
 .text.RTC_SetDate
                0x00000000      0x10c ..\obj\stm32f4xx_rtc.o
 .text.RTC_DateStructInit
                0x00000000       0x2c ..\obj\stm32f4xx_rtc.o
 .text.RTC_GetDate
                0x00000000       0x9c ..\obj\stm32f4xx_rtc.o
 .text.RTC_SetAlarm
                0x00000000      0x138 ..\obj\stm32f4xx_rtc.o
 .text.RTC_AlarmStructInit
                0x00000000       0x3c ..\obj\stm32f4xx_rtc.o
 .text.RTC_GetAlarm
                0x00000000       0xd8 ..\obj\stm32f4xx_rtc.o
 .text.RTC_AlarmCmd
                0x00000000       0x9c ..\obj\stm32f4xx_rtc.o
 .text.RTC_AlarmSubSecondConfig
                0x00000000       0x50 ..\obj\stm32f4xx_rtc.o
 .text.RTC_GetAlarmSubSecond
                0x00000000       0x3c ..\obj\stm32f4xx_rtc.o
 .text.RTC_WakeUpClockConfig
                0x00000000       0x40 ..\obj\stm32f4xx_rtc.o
 .text.RTC_SetWakeUpCounter
                0x00000000       0x30 ..\obj\stm32f4xx_rtc.o
 .text.RTC_GetWakeUpCounter
                0x00000000       0x18 ..\obj\stm32f4xx_rtc.o
 .text.RTC_WakeUpCmd
                0x00000000       0x94 ..\obj\stm32f4xx_rtc.o
 .text.RTC_DayLightSavingConfig
                0x00000000       0x48 ..\obj\stm32f4xx_rtc.o
 .text.RTC_GetStoreOperation
                0x00000000       0x1c ..\obj\stm32f4xx_rtc.o
 .text.RTC_OutputConfig
                0x00000000       0x48 ..\obj\stm32f4xx_rtc.o
 .text.RTC_CoarseCalibConfig
                0x00000000       0x50 ..\obj\stm32f4xx_rtc.o
 .text.RTC_CoarseCalibCmd
                0x00000000       0x68 ..\obj\stm32f4xx_rtc.o
 .text.RTC_CalibOutputCmd
                0x00000000       0x4c ..\obj\stm32f4xx_rtc.o
 .text.RTC_CalibOutputConfig
                0x00000000       0x40 ..\obj\stm32f4xx_rtc.o
 .text.RTC_SmoothCalibConfig
                0x00000000       0x84 ..\obj\stm32f4xx_rtc.o
 .text.RTC_TimeStampCmd
                0x00000000       0x60 ..\obj\stm32f4xx_rtc.o
 .text.RTC_GetTimeStamp
                0x00000000      0x114 ..\obj\stm32f4xx_rtc.o
 .text.RTC_GetTimeStampSubSecond
                0x00000000       0x18 ..\obj\stm32f4xx_rtc.o
 .text.RTC_TamperTriggerConfig
                0x00000000       0x40 ..\obj\stm32f4xx_rtc.o
 .text.RTC_TamperCmd
                0x00000000       0x3c ..\obj\stm32f4xx_rtc.o
 .text.RTC_TamperFilterConfig
                0x00000000       0x30 ..\obj\stm32f4xx_rtc.o
 .text.RTC_TamperSamplingFreqConfig
                0x00000000       0x30 ..\obj\stm32f4xx_rtc.o
 .text.RTC_TamperPinsPrechargeDuration
                0x00000000       0x30 ..\obj\stm32f4xx_rtc.o
 .text.RTC_TimeStampOnTamperDetectionCmd
                0x00000000       0x38 ..\obj\stm32f4xx_rtc.o
 .text.RTC_TamperPullUpCmd
                0x00000000       0x38 ..\obj\stm32f4xx_rtc.o
 .text.RTC_WriteBackupRegister
                0x00000000       0x34 ..\obj\stm32f4xx_rtc.o
 .text.RTC_ReadBackupRegister
                0x00000000       0x30 ..\obj\stm32f4xx_rtc.o
 .text.RTC_TamperPinSelection
                0x00000000       0x30 ..\obj\stm32f4xx_rtc.o
 .text.RTC_TimeStampPinSelection
                0x00000000       0x30 ..\obj\stm32f4xx_rtc.o
 .text.RTC_OutputTypeConfig
                0x00000000       0x30 ..\obj\stm32f4xx_rtc.o
 .text.RTC_SynchroShiftConfig
                0x00000000       0x9c ..\obj\stm32f4xx_rtc.o
 .text.RTC_ITConfig
                0x00000000       0x78 ..\obj\stm32f4xx_rtc.o
 .text.RTC_GetFlagStatus
                0x00000000       0x44 ..\obj\stm32f4xx_rtc.o
 .text.RTC_ClearFlag
                0x00000000       0x30 ..\obj\stm32f4xx_rtc.o
 .text.RTC_GetITStatus
                0x00000000       0x68 ..\obj\stm32f4xx_rtc.o
 .text.RTC_ClearITPendingBit
                0x00000000       0x38 ..\obj\stm32f4xx_rtc.o
 .text.RTC_ByteToBcd2
                0x00000000       0x3c ..\obj\stm32f4xx_rtc.o
 .text.RTC_Bcd2ToByte
                0x00000000       0x38 ..\obj\stm32f4xx_rtc.o
 .debug_info    0x00000000     0x10df ..\obj\stm32f4xx_rtc.o
 .debug_abbrev  0x00000000      0x1ae ..\obj\stm32f4xx_rtc.o
 .debug_aranges
                0x00000000      0x1e0 ..\obj\stm32f4xx_rtc.o
 .debug_ranges  0x00000000      0x1d0 ..\obj\stm32f4xx_rtc.o
 .debug_line    0x00000000      0x83d ..\obj\stm32f4xx_rtc.o
 .debug_str     0x00000000      0xb4c ..\obj\stm32f4xx_rtc.o
 .comment       0x00000000       0x71 ..\obj\stm32f4xx_rtc.o
 .debug_frame   0x00000000      0x8b0 ..\obj\stm32f4xx_rtc.o
 .ARM.attributes
                0x00000000       0x33 ..\obj\stm32f4xx_rtc.o
 .text          0x00000000        0x0 ..\obj\stm32f4xx_tim.o
 .data          0x00000000        0x0 ..\obj\stm32f4xx_tim.o
 .bss           0x00000000        0x0 ..\obj\stm32f4xx_tim.o
 .text.TIM_DeInit
                0x00000000      0x1bc ..\obj\stm32f4xx_tim.o
 .text.TIM_TimeBaseStructInit
                0x00000000       0x34 ..\obj\stm32f4xx_tim.o
 .text.TIM_PrescalerConfig
                0x00000000       0x28 ..\obj\stm32f4xx_tim.o
 .text.TIM_CounterModeConfig
                0x00000000       0x38 ..\obj\stm32f4xx_tim.o
 .text.TIM_SetCounter
                0x00000000       0x1c ..\obj\stm32f4xx_tim.o
 .text.TIM_SetAutoreload
                0x00000000       0x1c ..\obj\stm32f4xx_tim.o
 .text.TIM_GetCounter
                0x00000000       0x18 ..\obj\stm32f4xx_tim.o
 .text.TIM_GetPrescaler
                0x00000000       0x1c ..\obj\stm32f4xx_tim.o
 .text.TIM_UpdateDisableConfig
                0x00000000       0x40 ..\obj\stm32f4xx_tim.o
 .text.TIM_UpdateRequestConfig
                0x00000000       0x40 ..\obj\stm32f4xx_tim.o
 .text.TIM_ARRPreloadConfig
                0x00000000       0x40 ..\obj\stm32f4xx_tim.o
 .text.TIM_SelectOnePulseMode
                0x00000000       0x38 ..\obj\stm32f4xx_tim.o
 .text.TIM_SetClockDivision
                0x00000000       0x38 ..\obj\stm32f4xx_tim.o
 .text.TIM_OC1Init
                0x00000000       0xf4 ..\obj\stm32f4xx_tim.o
 .text.TIM_OC2Init
                0x00000000      0x110 ..\obj\stm32f4xx_tim.o
 .text.TIM_OC3Init
                0x00000000      0x10c ..\obj\stm32f4xx_tim.o
 .text.TIM_OC4Init
                0x00000000       0xcc ..\obj\stm32f4xx_tim.o
 .text.TIM_OCStructInit
                0x00000000       0x44 ..\obj\stm32f4xx_tim.o
 .text.TIM_SelectOCxM
                0x00000000       0xb0 ..\obj\stm32f4xx_tim.o
 .text.TIM_SetCompare1
                0x00000000       0x1c ..\obj\stm32f4xx_tim.o
 .text.TIM_SetCompare2
                0x00000000       0x1c ..\obj\stm32f4xx_tim.o
 .text.TIM_SetCompare3
                0x00000000       0x1c ..\obj\stm32f4xx_tim.o
 .text.TIM_SetCompare4
                0x00000000       0x1c ..\obj\stm32f4xx_tim.o
 .text.TIM_ForcedOC1Config
                0x00000000       0x38 ..\obj\stm32f4xx_tim.o
 .text.TIM_ForcedOC2Config
                0x00000000       0x3c ..\obj\stm32f4xx_tim.o
 .text.TIM_ForcedOC3Config
                0x00000000       0x38 ..\obj\stm32f4xx_tim.o
 .text.TIM_ForcedOC4Config
                0x00000000       0x3c ..\obj\stm32f4xx_tim.o
 .text.TIM_OC1PreloadConfig
                0x00000000       0x38 ..\obj\stm32f4xx_tim.o
 .text.TIM_OC2PreloadConfig
                0x00000000       0x3c ..\obj\stm32f4xx_tim.o
 .text.TIM_OC3PreloadConfig
                0x00000000       0x38 ..\obj\stm32f4xx_tim.o
 .text.TIM_OC4PreloadConfig
                0x00000000       0x3c ..\obj\stm32f4xx_tim.o
 .text.TIM_OC1FastConfig
                0x00000000       0x38 ..\obj\stm32f4xx_tim.o
 .text.TIM_OC2FastConfig
                0x00000000       0x3c ..\obj\stm32f4xx_tim.o
 .text.TIM_OC3FastConfig
                0x00000000       0x38 ..\obj\stm32f4xx_tim.o
 .text.TIM_OC4FastConfig
                0x00000000       0x3c ..\obj\stm32f4xx_tim.o
 .text.TIM_ClearOC1Ref
                0x00000000       0x38 ..\obj\stm32f4xx_tim.o
 .text.TIM_ClearOC2Ref
                0x00000000       0x3c ..\obj\stm32f4xx_tim.o
 .text.TIM_ClearOC3Ref
                0x00000000       0x38 ..\obj\stm32f4xx_tim.o
 .text.TIM_ClearOC4Ref
                0x00000000       0x3c ..\obj\stm32f4xx_tim.o
 .text.TIM_OC1PolarityConfig
                0x00000000       0x38 ..\obj\stm32f4xx_tim.o
 .text.TIM_OC1NPolarityConfig
                0x00000000       0x38 ..\obj\stm32f4xx_tim.o
 .text.TIM_OC2PolarityConfig
                0x00000000       0x3c ..\obj\stm32f4xx_tim.o
 .text.TIM_OC2NPolarityConfig
                0x00000000       0x3c ..\obj\stm32f4xx_tim.o
 .text.TIM_OC3PolarityConfig
                0x00000000       0x3c ..\obj\stm32f4xx_tim.o
 .text.TIM_OC3NPolarityConfig
                0x00000000       0x3c ..\obj\stm32f4xx_tim.o
 .text.TIM_OC4PolarityConfig
                0x00000000       0x3c ..\obj\stm32f4xx_tim.o
 .text.TIM_CCxCmd
                0x00000000       0x54 ..\obj\stm32f4xx_tim.o
 .text.TIM_CCxNCmd
                0x00000000       0x54 ..\obj\stm32f4xx_tim.o
 .text.TIM_ICInit
                0x00000000       0xa8 ..\obj\stm32f4xx_tim.o
 .text.TIM_ICStructInit
                0x00000000       0x30 ..\obj\stm32f4xx_tim.o
 .text.TIM_PWMIConfig
                0x00000000       0xb8 ..\obj\stm32f4xx_tim.o
 .text.TIM_GetCapture1
                0x00000000       0x18 ..\obj\stm32f4xx_tim.o
 .text.TIM_GetCapture2
                0x00000000       0x18 ..\obj\stm32f4xx_tim.o
 .text.TIM_GetCapture3
                0x00000000       0x18 ..\obj\stm32f4xx_tim.o
 .text.TIM_GetCapture4
                0x00000000       0x18 ..\obj\stm32f4xx_tim.o
 .text.TIM_SetIC1Prescaler
                0x00000000       0x38 ..\obj\stm32f4xx_tim.o
 .text.TIM_SetIC2Prescaler
                0x00000000       0x3c ..\obj\stm32f4xx_tim.o
 .text.TIM_SetIC3Prescaler
                0x00000000       0x38 ..\obj\stm32f4xx_tim.o
 .text.TIM_SetIC4Prescaler
                0x00000000       0x3c ..\obj\stm32f4xx_tim.o
 .text.TIM_BDTRConfig
                0x00000000       0x50 ..\obj\stm32f4xx_tim.o
 .text.TIM_BDTRStructInit
                0x00000000       0x3c ..\obj\stm32f4xx_tim.o
 .text.TIM_CtrlPWMOutputs
                0x00000000       0x4c ..\obj\stm32f4xx_tim.o
 .text.TIM_SelectCOM
                0x00000000       0x40 ..\obj\stm32f4xx_tim.o
 .text.TIM_CCPreloadControl
                0x00000000       0x40 ..\obj\stm32f4xx_tim.o
 .text.TIM_GenerateEvent
                0x00000000       0x1c ..\obj\stm32f4xx_tim.o
 .text.TIM_GetFlagStatus
                0x00000000       0x38 ..\obj\stm32f4xx_tim.o
 .text.TIM_ClearFlag
                0x00000000       0x20 ..\obj\stm32f4xx_tim.o
 .text.TIM_DMAConfig
                0x00000000       0x28 ..\obj\stm32f4xx_tim.o
 .text.TIM_DMACmd
                0x00000000       0x48 ..\obj\stm32f4xx_tim.o
 .text.TIM_SelectCCDMA
                0x00000000       0x40 ..\obj\stm32f4xx_tim.o
 .text.TIM_InternalClockConfig
                0x00000000       0x24 ..\obj\stm32f4xx_tim.o
 .text.TIM_ITRxExternalClockConfig
                0x00000000       0x2c ..\obj\stm32f4xx_tim.o
 .text.TIM_TIxExternalClockConfig
                0x00000000       0x60 ..\obj\stm32f4xx_tim.o
 .text.TIM_ETRClockMode1Config
                0x00000000       0x5c ..\obj\stm32f4xx_tim.o
 .text.TIM_ETRClockMode2Config
                0x00000000       0x3c ..\obj\stm32f4xx_tim.o
 .text.TIM_SelectInputTrigger
                0x00000000       0x38 ..\obj\stm32f4xx_tim.o
 .text.TIM_SelectOutputTrigger
                0x00000000       0x38 ..\obj\stm32f4xx_tim.o
 .text.TIM_SelectSlaveMode
                0x00000000       0x38 ..\obj\stm32f4xx_tim.o
 .text.TIM_SelectMasterSlaveMode
                0x00000000       0x38 ..\obj\stm32f4xx_tim.o
 .text.TIM_ETRConfig
                0x00000000       0x54 ..\obj\stm32f4xx_tim.o
 .text.TIM_EncoderInterfaceConfig
                0x00000000       0x98 ..\obj\stm32f4xx_tim.o
 .text.TIM_SelectHallSensor
                0x00000000       0x40 ..\obj\stm32f4xx_tim.o
 .text.TIM_RemapConfig
                0x00000000       0x20 ..\obj\stm32f4xx_tim.o
 .text.TI1_Config
                0x00000000       0x84 ..\obj\stm32f4xx_tim.o
 .text.TI2_Config
                0x00000000       0x98 ..\obj\stm32f4xx_tim.o
 .text.TI3_Config
                0x00000000       0x90 ..\obj\stm32f4xx_tim.o
 .text.TI4_Config
                0x00000000       0x9c ..\obj\stm32f4xx_tim.o
 .text          0x00000000        0x0 ..\obj\xbee.o
 .text          0x00000000        0x0 c:/coocox/gcc-arm-none-eabi-4_9-2014q4-20141203-win32/bin/../lib/gcc/arm-none-eabi/4.9.3/../../../../arm-none-eabi/lib/armv7e-m\libg.a(lib_a-malloc.o)
 .data          0x00000000        0x0 c:/coocox/gcc-arm-none-eabi-4_9-2014q4-20141203-win32/bin/../lib/gcc/arm-none-eabi/4.9.3/../../../../arm-none-eabi/lib/armv7e-m\libg.a(lib_a-malloc.o)
 .bss           0x00000000        0x0 c:/coocox/gcc-arm-none-eabi-4_9-2014q4-20141203-win32/bin/../lib/gcc/arm-none-eabi/4.9.3/../../../../arm-none-eabi/lib/armv7e-m\libg.a(lib_a-malloc.o)
 .text.free     0x00000000       0x10 c:/coocox/gcc-arm-none-eabi-4_9-2014q4-20141203-win32/bin/../lib/gcc/arm-none-eabi/4.9.3/../../../../arm-none-eabi/lib/armv7e-m\libg.a(lib_a-malloc.o)
 .text          0x00000000        0x0 c:/coocox/gcc-arm-none-eabi-4_9-2014q4-20141203-win32/bin/../lib/gcc/arm-none-eabi/4.9.3/../../../../arm-none-eabi/lib/armv7e-m\libg.a(lib_a-mallocr.o)
 .data          0x00000000        0x0 c:/coocox/gcc-arm-none-eabi-4_9-2014q4-20141203-win32/bin/../lib/gcc/arm-none-eabi/4.9.3/../../../../arm-none-eabi/lib/armv7e-m\libg.a(lib_a-mallocr.o)
 .bss           0x00000000        0x0 c:/coocox/gcc-arm-none-eabi-4_9-2014q4-20141203-win32/bin/../lib/gcc/arm-none-eabi/4.9.3/../../../../arm-none-eabi/lib/armv7e-m\libg.a(lib_a-mallocr.o)
 .data          0x00000000        0x0 c:/coocox/gcc-arm-none-eabi-4_9-2014q4-20141203-win32/bin/../lib/gcc/arm-none-eabi/4.9.3/../../../../arm-none-eabi/lib/armv7e-m\libg.a(lib_a-memcpy.o)
 .bss           0x00000000        0x0 c:/coocox/gcc-arm-none-eabi-4_9-2014q4-20141203-win32/bin/../lib/gcc/arm-none-eabi/4.9.3/../../../../arm-none-eabi/lib/armv7e-m\libg.a(lib_a-memcpy.o)
 .text          0x00000000        0x0 c:/coocox/gcc-arm-none-eabi-4_9-2014q4-20141203-win32/bin/../lib/gcc/arm-none-eabi/4.9.3/../../../../arm-none-eabi/lib/armv7e-m\libg.a(lib_a-memset.o)
 .data          0x00000000        0x0 c:/coocox/gcc-arm-none-eabi-4_9-2014q4-20141203-win32/bin/../lib/gcc/arm-none-eabi/4.9.3/../../../../arm-none-eabi/lib/armv7e-m\libg.a(lib_a-memset.o)
 .bss           0x00000000        0x0 c:/coocox/gcc-arm-none-eabi-4_9-2014q4-20141203-win32/bin/../lib/gcc/arm-none-eabi/4.9.3/../../../../arm-none-eabi/lib/armv7e-m\libg.a(lib_a-memset.o)
 .text          0x00000000        0x0 c:/coocox/gcc-arm-none-eabi-4_9-2014q4-20141203-win32/bin/../lib/gcc/arm-none-eabi/4.9.3/../../../../arm-none-eabi/lib/armv7e-m\libg.a(lib_a-mlock.o)
 .data          0x00000000        0x0 c:/coocox/gcc-arm-none-eabi-4_9-2014q4-20141203-win32/bin/../lib/gcc/arm-none-eabi/4.9.3/../../../../arm-none-eabi/lib/armv7e-m\libg.a(lib_a-mlock.o)
 .bss           0x00000000        0x0 c:/coocox/gcc-arm-none-eabi-4_9-2014q4-20141203-win32/bin/../lib/gcc/arm-none-eabi/4.9.3/../../../../arm-none-eabi/lib/armv7e-m\libg.a(lib_a-mlock.o)
 .text          0x00000000        0x0 c:/coocox/gcc-arm-none-eabi-4_9-2014q4-20141203-win32/bin/../lib/gcc/arm-none-eabi/4.9.3/../../../../arm-none-eabi/lib/armv7e-m\libg.a(lib_a-sbrkr.o)
 .data          0x00000000        0x0 c:/coocox/gcc-arm-none-eabi-4_9-2014q4-20141203-win32/bin/../lib/gcc/arm-none-eabi/4.9.3/../../../../arm-none-eabi/lib/armv7e-m\libg.a(lib_a-sbrkr.o)
 .bss           0x00000000        0x0 c:/coocox/gcc-arm-none-eabi-4_9-2014q4-20141203-win32/bin/../lib/gcc/arm-none-eabi/4.9.3/../../../../arm-none-eabi/lib/armv7e-m\libg.a(lib_a-sbrkr.o)
 .text          0x00000000        0x0 c:/coocox/gcc-arm-none-eabi-4_9-2014q4-20141203-win32/bin/../lib/gcc/arm-none-eabi/4.9.3/../../../../arm-none-eabi/lib/armv7e-m\libg.a(lib_a-freer.o)
 .data          0x00000000        0x0 c:/coocox/gcc-arm-none-eabi-4_9-2014q4-20141203-win32/bin/../lib/gcc/arm-none-eabi/4.9.3/../../../../arm-none-eabi/lib/armv7e-m\libg.a(lib_a-freer.o)
 .bss           0x00000000        0x0 c:/coocox/gcc-arm-none-eabi-4_9-2014q4-20141203-win32/bin/../lib/gcc/arm-none-eabi/4.9.3/../../../../arm-none-eabi/lib/armv7e-m\libg.a(lib_a-freer.o)
 .text          0x00000000        0x0 c:/coocox/gcc-arm-none-eabi-4_9-2014q4-20141203-win32/bin/../lib/gcc/arm-none-eabi/4.9.3/../../../../arm-none-eabi/lib/armv7e-m\libg.a(lib_a-reent.o)
 .data          0x00000000        0x0 c:/coocox/gcc-arm-none-eabi-4_9-2014q4-20141203-win32/bin/../lib/gcc/arm-none-eabi/4.9.3/../../../../arm-none-eabi/lib/armv7e-m\libg.a(lib_a-reent.o)
 .bss           0x00000000        0x0 c:/coocox/gcc-arm-none-eabi-4_9-2014q4-20141203-win32/bin/../lib/gcc/arm-none-eabi/4.9.3/../../../../arm-none-eabi/lib/armv7e-m\libg.a(lib_a-reent.o)
 .text.cleanup_glue
                0x00000000       0x1c c:/coocox/gcc-arm-none-eabi-4_9-2014q4-20141203-win32/bin/../lib/gcc/arm-none-eabi/4.9.3/../../../../arm-none-eabi/lib/armv7e-m\libg.a(lib_a-reent.o)
 .text._reclaim_reent
                0x00000000       0x88 c:/coocox/gcc-arm-none-eabi-4_9-2014q4-20141203-win32/bin/../lib/gcc/arm-none-eabi/4.9.3/../../../../arm-none-eabi/lib/armv7e-m\libg.a(lib_a-reent.o)

Memory Configuration

Name             Origin             Length             Attributes
rom              0x08000000         0x00100000         xr
ram              0x20000000         0x00020000         xrw
ram1             0x10000000         0x00010000         xrw
*default*        0x00000000         0xffffffff

Linker script and memory map

                0x20020000                _eram = 0x20020000

.text           0x08000000     0x2018
 *(.isr_vector)
 .isr_vector    0x08000000      0x188 ..\obj\startup_stm32f4xx.o
                0x08000000                g_pfnVectors
 *(.text*)
 .text.protocol_packet_generator
                0x08000188       0x8c ..\obj\protocol.o
                0x08000188                protocol_packet_generator
 .text.protocol_data_packet_generator
                0x08000214       0xbc ..\obj\protocol.o
                0x08000214                protocol_data_packet_generator
 .text.protocol_packet_parser
                0x080002d0       0xe4 ..\obj\protocol.o
                0x080002d0                protocol_packet_parser
 .text.int_init
                0x080003b4       0x1c ..\obj\interrupts.o
                0x080003b4                int_init
 .text.int_init_timer
                0x080003d0       0x40 ..\obj\interrupts.o
                0x080003d0                int_init_timer
 .text.int_enable_interrupt
                0x08000410       0x30 ..\obj\interrupts.o
                0x08000410                int_enable_interrupt
 .text.TIM2_IRQHandler
                0x08000440       0x7c ..\obj\interrupts.o
                0x08000440                TIM2_IRQHandler
 .text.USART_Init
                0x080004bc      0x178 ..\obj\stm32f4xx_usart.o
                0x080004bc                USART_Init
 .text.USART_Cmd
                0x08000634       0x40 ..\obj\stm32f4xx_usart.o
                0x08000634                USART_Cmd
 .text.USART_SendData
                0x08000674       0x24 ..\obj\stm32f4xx_usart.o
                0x08000674                USART_SendData
 .text.USART_ReceiveData
                0x08000698       0x20 ..\obj\stm32f4xx_usart.o
                0x08000698                USART_ReceiveData
 .text.USART_ITConfig
                0x080006b8       0x90 ..\obj\stm32f4xx_usart.o
                0x080006b8                USART_ITConfig
 .text.USART_GetFlagStatus
                0x08000748       0x38 ..\obj\stm32f4xx_usart.o
                0x08000748                USART_GetFlagStatus
 .text.USART_GetITStatus
                0x08000780       0xb8 ..\obj\stm32f4xx_usart.o
                0x08000780                USART_GetITStatus
 .text.dataqueue_add
                0x08000838       0xb0 ..\obj\dataqueue.o
                0x08000838                dataqueue_add
 .text.dataqueue_remove
                0x080008e8       0x6c ..\obj\dataqueue.o
                0x080008e8                dataqueue_remove
 .text.dataqueue_peek
                0x08000954       0x3c ..\obj\dataqueue.o
                0x08000954                dataqueue_peek
 .text.dataqueue_init
                0x08000990       0x2c ..\obj\dataqueue.o
                0x08000990                dataqueue_init
 .text.Default_Reset_Handler
                0x080009bc       0x58 ..\obj\startup_stm32f4xx.o
                0x080009bc                Default_Reset_Handler
                0x080009bc                Reset_Handler
 .text.Default_Handler
                0x08000a14        0x8 ..\obj\startup_stm32f4xx.o
                0x08000a14                RTC_Alarm_IRQHandler
                0x08000a14                HASH_RNG_IRQHandler
                0x08000a14                EXTI2_IRQHandler
                0x08000a14                TIM8_CC_IRQHandler
                0x08000a14                DebugMon_Handler
                0x08000a14                TIM1_CC_IRQHandler
                0x08000a14                DMA2_Stream5_IRQHandler
                0x08000a14                DMA1_Stream5_IRQHandler
                0x08000a14                SysTick_Handler
                0x08000a14                PVD_IRQHandler
                0x08000a14                SDIO_IRQHandler
                0x08000a14                TAMP_STAMP_IRQHandler
                0x08000a14                PendSV_Handler
                0x08000a14                NMI_Handler
                0x08000a14                CAN2_RX1_IRQHandler
                0x08000a14                EXTI3_IRQHandler
                0x08000a14                TIM8_TRG_COM_TIM14_IRQHandler
                0x08000a14                TIM1_UP_TIM10_IRQHandler
                0x08000a14                TIM8_UP_TIM13_IRQHandler
                0x08000a14                I2C3_ER_IRQHandler
                0x08000a14                EXTI0_IRQHandler
                0x08000a14                I2C2_EV_IRQHandler
                0x08000a14                DMA1_Stream2_IRQHandler
                0x08000a14                CAN1_RX0_IRQHandler
                0x08000a14                FPU_IRQHandler
                0x08000a14                OTG_HS_WKUP_IRQHandler
                0x08000a14                UsageFault_Handler
                0x08000a14                CAN2_SCE_IRQHandler
                0x08000a14                DMA2_Stream2_IRQHandler
                0x08000a14                SPI1_IRQHandler
                0x08000a14                TIM6_DAC_IRQHandler
                0x08000a14                TIM1_BRK_TIM9_IRQHandler
                0x08000a14                DCMI_IRQHandler
                0x08000a14                CAN2_RX0_IRQHandler
                0x08000a14                DMA2_Stream3_IRQHandler
                0x08000a14                USART6_IRQHandler
                0x08000a14                USART3_IRQHandler
                0x08000a14                CRYP_IRQHandler
                0x08000a14                CAN1_RX1_IRQHandler
                0x08000a14                UART5_IRQHandler
                0x08000a14                DMA2_Stream0_IRQHandler
                0x08000a14                TIM4_IRQHandler
                0x08000a14                I2C1_EV_IRQHandler
                0x08000a14                DMA1_Stream6_IRQHandler
                0x08000a14                DMA1_Stream1_IRQHandler
                0x08000a14                UART4_IRQHandler
                0x08000a14                TIM3_IRQHandler
                0x08000a14                RCC_IRQHandler
                0x08000a14                TIM8_BRK_TIM12_IRQHandler
                0x08000a14                EXTI15_10_IRQHandler
                0x08000a14                ADC_IRQHandler
                0x08000a14                DMA1_Stream7_IRQHandler
                0x08000a14                TIM7_IRQHandler
                0x08000a14                CAN2_TX_IRQHandler
                0x08000a14                TIM5_IRQHandler
                0x08000a14                DMA2_Stream7_IRQHandler
                0x08000a14                I2C3_EV_IRQHandler
                0x08000a14                EXTI9_5_IRQHandler
                0x08000a14                RTC_WKUP_IRQHandler
                0x08000a14                ETH_WKUP_IRQHandler
                0x08000a14                SPI2_IRQHandler
                0x08000a14                OTG_HS_EP1_IN_IRQHandler
                0x08000a14                MemManage_Handler
                0x08000a14                DMA1_Stream0_IRQHandler
                0x08000a14                CAN1_TX_IRQHandler
                0x08000a14                SVC_Handler
                0x08000a14                EXTI4_IRQHandler
                0x08000a14                FSMC_IRQHandler
                0x08000a14                ETH_IRQHandler
                0x08000a14                OTG_HS_EP1_OUT_IRQHandler
                0x08000a14                WWDG_IRQHandler
                0x08000a14                OTG_FS_WKUP_IRQHandler
                0x08000a14                TIM1_TRG_COM_TIM11_IRQHandler
                0x08000a14                OTG_HS_IRQHandler
                0x08000a14                EXTI1_IRQHandler
                0x08000a14                USART2_IRQHandler
                0x08000a14                I2C2_ER_IRQHandler
                0x08000a14                DMA2_Stream1_IRQHandler
                0x08000a14                CAN1_SCE_IRQHandler
                0x08000a14                FLASH_IRQHandler
                0x08000a14                DMA2_Stream4_IRQHandler
                0x08000a14                BusFault_Handler
                0x08000a14                OTG_FS_IRQHandler
                0x08000a14                SPI3_IRQHandler
                0x08000a14                DMA1_Stream4_IRQHandler
                0x08000a14                I2C1_ER_IRQHandler
                0x08000a14                DMA2_Stream6_IRQHandler
                0x08000a14                DMA1_Stream3_IRQHandler
 .text.init_waypoints
                0x08000a1c       0x2c ..\obj\waypoints.o
                0x08000a1c                init_waypoints
 .text.parse_waypoints
                0x08000a48       0x50 ..\obj\waypoints.o
                0x08000a48                parse_waypoints
 .text.main     0x08000a98       0x7c ..\obj\main.o
                0x08000a98                main
 .text.Delay    0x08000b14       0x20 ..\obj\main.o
                0x08000b14                Delay
 .text.RCC_GetClocksFreq
                0x08000b34      0x154 ..\obj\stm32f4xx_rcc.o
                0x08000b34                RCC_GetClocksFreq
 .text.RCC_AHB1PeriphClockCmd
                0x08000c88       0x3c ..\obj\stm32f4xx_rcc.o
                0x08000c88                RCC_AHB1PeriphClockCmd
 .text.RCC_APB1PeriphClockCmd
                0x08000cc4       0x3c ..\obj\stm32f4xx_rcc.o
                0x08000cc4                RCC_APB1PeriphClockCmd
 .text.RCC_APB2PeriphClockCmd
                0x08000d00       0x3c ..\obj\stm32f4xx_rcc.o
                0x08000d00                RCC_APB2PeriphClockCmd
 .text.GPIO_Init
                0x08000d3c      0x11c ..\obj\stm32f4xx_gpio.o
                0x08000d3c                GPIO_Init
 .text.GPIO_ToggleBits
                0x08000e58       0x24 ..\obj\stm32f4xx_gpio.o
                0x08000e58                GPIO_ToggleBits
 .text.GPIO_PinAFConfig
                0x08000e7c       0x90 ..\obj\stm32f4xx_gpio.o
                0x08000e7c                GPIO_PinAFConfig
 .text          0x08000f0c       0x28 ..\obj\sh_cmd.o
                0x08000f0c                SH_DoCommand
                0x08000f1e                HardFault_Handler
 .text._sbrk    0x08000f34       0x40 ..\obj\syscalls.o
                0x08000f34                _sbrk
 .text.NVIC_Init
                0x08000f74       0xc0 ..\obj\misc.o
                0x08000f74                NVIC_Init
 .text.parse_data
                0x08001034       0x54 ..\obj\parsers.o
                0x08001034                parse_data
 .text.TIM_TimeBaseInit
                0x08001088       0xd4 ..\obj\stm32f4xx_tim.o
                0x08001088                TIM_TimeBaseInit
 .text.TIM_Cmd  0x0800115c       0x40 ..\obj\stm32f4xx_tim.o
                0x0800115c                TIM_Cmd
 .text.TIM_ITConfig
                0x0800119c       0x48 ..\obj\stm32f4xx_tim.o
                0x0800119c                TIM_ITConfig
 .text.TIM_GetITStatus
                0x080011e4       0x54 ..\obj\stm32f4xx_tim.o
                0x080011e4                TIM_GetITStatus
 .text.TIM_ClearITPendingBit
                0x08001238       0x20 ..\obj\stm32f4xx_tim.o
                0x08001238                TIM_ClearITPendingBit
 .text.init_USART1
                0x08001258       0xb4 ..\obj\xbee.o
                0x08001258                init_USART1
 .text.send_byte
                0x0800130c       0x7c ..\obj\xbee.o
                0x0800130c                send_byte
 .text.xbee_send
                0x08001388       0xac ..\obj\xbee.o
                0x08001388                xbee_send
 .text.get_frame_id
                0x08001434       0x30 ..\obj\xbee.o
                0x08001434                get_frame_id
 .text.tx_request
                0x08001464      0x100 ..\obj\xbee.o
                0x08001464                tx_request
 .text.echo     0x08001564       0x44 ..\obj\xbee.o
                0x08001564                echo
 .text.rx_request
                0x080015a8       0xcc ..\obj\xbee.o
                0x080015a8                rx_request
 .text.USART1_IRQHandler
                0x08001674       0x20 ..\obj\xbee.o
                0x08001674                USART1_IRQHandler
 .text.malloc   0x08001694       0x10 c:/coocox/gcc-arm-none-eabi-4_9-2014q4-20141203-win32/bin/../lib/gcc/arm-none-eabi/4.9.3/../../../../arm-none-eabi/lib/armv7e-m\libg.a(lib_a-malloc.o)
                0x08001694                malloc
 .text._malloc_r
                0x080016a4      0x51c c:/coocox/gcc-arm-none-eabi-4_9-2014q4-20141203-win32/bin/../lib/gcc/arm-none-eabi/4.9.3/../../../../arm-none-eabi/lib/armv7e-m\libg.a(lib_a-mallocr.o)
                0x080016a4                _malloc_r
 .text          0x08001bc0      0x134 c:/coocox/gcc-arm-none-eabi-4_9-2014q4-20141203-win32/bin/../lib/gcc/arm-none-eabi/4.9.3/../../../../arm-none-eabi/lib/armv7e-m\libg.a(lib_a-memcpy.o)
                0x08001bc0                memcpy
 .text.memset   0x08001cf4       0x9c c:/coocox/gcc-arm-none-eabi-4_9-2014q4-20141203-win32/bin/../lib/gcc/arm-none-eabi/4.9.3/../../../../arm-none-eabi/lib/armv7e-m\libg.a(lib_a-memset.o)
                0x08001cf4                memset
 .text.__malloc_lock
                0x08001d90        0x4 c:/coocox/gcc-arm-none-eabi-4_9-2014q4-20141203-win32/bin/../lib/gcc/arm-none-eabi/4.9.3/../../../../arm-none-eabi/lib/armv7e-m\libg.a(lib_a-mlock.o)
                0x08001d90                __malloc_lock
 .text.__malloc_unlock
                0x08001d94        0x4 c:/coocox/gcc-arm-none-eabi-4_9-2014q4-20141203-win32/bin/../lib/gcc/arm-none-eabi/4.9.3/../../../../arm-none-eabi/lib/armv7e-m\libg.a(lib_a-mlock.o)
                0x08001d94                __malloc_unlock
 .text._sbrk_r  0x08001d98       0x24 c:/coocox/gcc-arm-none-eabi-4_9-2014q4-20141203-win32/bin/../lib/gcc/arm-none-eabi/4.9.3/../../../../arm-none-eabi/lib/armv7e-m\libg.a(lib_a-sbrkr.o)
                0x08001d98                _sbrk_r
 .text._malloc_trim_r
                0x08001dbc       0x9c c:/coocox/gcc-arm-none-eabi-4_9-2014q4-20141203-win32/bin/../lib/gcc/arm-none-eabi/4.9.3/../../../../arm-none-eabi/lib/armv7e-m\libg.a(lib_a-freer.o)
                0x08001dbc                _malloc_trim_r
 .text._free_r  0x08001e58      0x1b0 c:/coocox/gcc-arm-none-eabi-4_9-2014q4-20141203-win32/bin/../lib/gcc/arm-none-eabi/4.9.3/../../../../arm-none-eabi/lib/armv7e-m\libg.a(lib_a-freer.o)
                0x08001e58                _free_r
 *(.init)
 *(.fini)
 *crtbegin.o(.ctors)
 *crtbegin?.o(.ctors)
 *(EXCLUDE_FILE(*crtend.o *crtend?.o) .ctors)
 *(SORT(.ctors.*))
 *(.ctors)
 *crtbegin.o(.dtors)
 *crtbegin?.o(.dtors)
 *(EXCLUDE_FILE(*crtend.o *crtend?.o) .dtors)
 *(SORT(.dtors.*))
 *(.dtors)
 *(.rodata*)
 .rodata        0x08002008       0x10 ..\obj\main.o
 *(.eh_fram e*)

.glue_7         0x08002018        0x0
 .glue_7        0x00000000        0x0 linker stubs

.glue_7t        0x08002018        0x0
 .glue_7t       0x00000000        0x0 linker stubs

.vfp11_veneer   0x08002018        0x0
 .vfp11_veneer  0x00000000        0x0 linker stubs

.v4_bx          0x08002018        0x0
 .v4_bx         0x00000000        0x0 linker stubs

.iplt           0x08002018        0x0
 .iplt          0x00000000        0x0 ..\obj\semihosting.o

.rel.dyn        0x08002018        0x0
 .rel.iplt      0x00000000        0x0 ..\obj\semihosting.o

.ARM.extab
 *(.ARM.extab* .gnu.linkonce.armextab.*)
                0x08002018                __exidx_start = .

.ARM.exidx
 *(.ARM.exidx* .gnu.linkonce.armexidx.*)
                0x08002018                __exidx_end = .
                0x08002018                __etext = .
                0x08002018                _sidata = __etext

.data           0x20000000      0x85c load address 0x08002018
                0x20000000                __data_start__ = .
                0x20000000                _sdata = __data_start__
 *(vtable)
 *(.data*)
 .data          0x20000000        0x4 ..\obj\interrupts.o
 .data          0x20000004       0x10 ..\obj\stm32f4xx_rcc.o
 *fill*         0x20000014        0x4 
 .data          0x20000018      0x430 ..\obj\printf.o
                0x20000018                r
                0x20000440                _impure_ptr
 .data          0x20000448        0x2 ..\obj\xbee.o
 *fill*         0x2000044a        0x2 
 .data.__malloc_av_
                0x2000044c      0x408 c:/coocox/gcc-arm-none-eabi-4_9-2014q4-20141203-win32/bin/../lib/gcc/arm-none-eabi/4.9.3/../../../../arm-none-eabi/lib/armv7e-m\libg.a(lib_a-mallocr.o)
                0x2000044c                __malloc_av_
 .data.__malloc_trim_threshold
                0x20000854        0x4 c:/coocox/gcc-arm-none-eabi-4_9-2014q4-20141203-win32/bin/../lib/gcc/arm-none-eabi/4.9.3/../../../../arm-none-eabi/lib/armv7e-m\libg.a(lib_a-mallocr.o)
                0x20000854                __malloc_trim_threshold
 .data.__malloc_sbrk_base
                0x20000858        0x4 c:/coocox/gcc-arm-none-eabi-4_9-2014q4-20141203-win32/bin/../lib/gcc/arm-none-eabi/4.9.3/../../../../arm-none-eabi/lib/armv7e-m\libg.a(lib_a-mallocr.o)
                0x20000858                __malloc_sbrk_base
                0x2000085c                . = ALIGN (0x4)
                0x2000085c                PROVIDE (__preinit_array_start, .)
 *(.preinit_array)
                0x2000085c                PROVIDE (__preinit_array_end, .)
                0x2000085c                . = ALIGN (0x4)
                0x2000085c                PROVIDE (__init_array_start, .)
 *(SORT(.init_array.*))
 *(.init_array)
                0x2000085c                PROVIDE (__init_array_end, .)
                0x2000085c                . = ALIGN (0x4)
                0x2000085c                PROVIDE (__fini_array_start, .)
 *(SORT(.fini_array.*))
 *(.fini_array)
                0x2000085c                PROVIDE (__fini_array_end, .)
 *(.jcr*)
                0x2000085c                . = ALIGN (0x4)
                0x2000085c                __data_end__ = .
                0x2000085c                _edata = __data_end__

.igot.plt       0x2000085c        0x0 load address 0x08002874
 .igot.plt      0x00000000        0x0 ..\obj\semihosting.o

.bss            0x2000085c      0x9fc load address 0x08002874
                0x2000085c                . = ALIGN (0x4)
                0x2000085c                __bss_start__ = .
                0x2000085c                _sbss = __bss_start__
 *(.bss*)
 .bss           0x2000085c      0x40c ..\obj\main.o
                0x2000085c                g_parser
                0x20000c58                g_waypoints
                0x20000c64                escaped
 .bss           0x20000c68        0x4 ..\obj\syscalls.o
 .bss           0x20000c6c        0x4 ..\obj\xbee.o
 .bss.__malloc_max_total_mem
                0x20000c70        0x4 c:/coocox/gcc-arm-none-eabi-4_9-2014q4-20141203-win32/bin/../lib/gcc/arm-none-eabi/4.9.3/../../../../arm-none-eabi/lib/armv7e-m\libg.a(lib_a-mallocr.o)
                0x20000c70                __malloc_max_total_mem
 .bss.__malloc_max_sbrked_mem
                0x20000c74        0x4 c:/coocox/gcc-arm-none-eabi-4_9-2014q4-20141203-win32/bin/../lib/gcc/arm-none-eabi/4.9.3/../../../../arm-none-eabi/lib/armv7e-m\libg.a(lib_a-mallocr.o)
                0x20000c74                __malloc_max_sbrked_mem
 .bss.__malloc_top_pad
                0x20000c78        0x4 c:/coocox/gcc-arm-none-eabi-4_9-2014q4-20141203-win32/bin/../lib/gcc/arm-none-eabi/4.9.3/../../../../arm-none-eabi/lib/armv7e-m\libg.a(lib_a-mallocr.o)
                0x20000c78                __malloc_top_pad
 .bss.__malloc_current_mallinfo
                0x20000c7c       0x28 c:/coocox/gcc-arm-none-eabi-4_9-2014q4-20141203-win32/bin/../lib/gcc/arm-none-eabi/4.9.3/../../../../arm-none-eabi/lib/armv7e-m\libg.a(lib_a-mallocr.o)
                0x20000c7c                __malloc_current_mallinfo
 *(COMMON)
 COMMON         0x20000ca4       0xde ..\obj\protocol.o
                0x20000ca4                g_packet
                0x20000d14                Rx_Buffer
 *fill*         0x20000d82        0x2 
 COMMON         0x20000d84      0x4d0 ..\obj\main.o
                0x20000d84                g_transmit_time
                0x20000d88                g_dataqueue_front
                0x20000d8c                g_data
                0x20000d98                g_dataqueue_lock
                0x20000d9c                g_count
                0x20000da0                g_dataqueue_size
                0x20000da4                g_queue
 COMMON         0x20001254        0x4 c:/coocox/gcc-arm-none-eabi-4_9-2014q4-20141203-win32/bin/../lib/gcc/arm-none-eabi/4.9.3/../../../../arm-none-eabi/lib/armv7e-m\libg.a(lib_a-reent.o)
                0x20001254                errno
                0x20001258                . = ALIGN (0x4)
                0x20001258                __bss_end__ = .
                0x20001258                _ebss = __bss_end__

.heap           0x20001258        0x0
                0x20001258                __end__ = .
                0x20001258                _end = __end__
                0x20001258                end = __end__
 *(.heap*)
                0x20001258                __HeapLimit = .

.co_stack       0x20001258      0x800 load address 0x08003270
                0x20001258                . = ALIGN (0x8)
 *(.co_stack .co_stack.*)
 .co_stack      0x20001258      0x800 ..\obj\startup_stm32f4xx.o
                0x20001258                pulStack
                0x20020000                __StackTop = (ORIGIN (ram) + 0x20000)
                0x2001f800                __StackLimit = (__StackTop - SIZEOF (.co_stack))
                0x20020000                PROVIDE (__stack, __StackTop)
                0x00000001                ASSERT ((__StackLimit >= __HeapLimit), region ram  overflowed with stack)
LOAD ..\obj\semihosting.o
LOAD ..\obj\protocol.o
LOAD ..\obj\interrupts.o
LOAD ..\obj\stm32f4xx_usart.o
LOAD ..\obj\stm32f4xx_pwr.o
LOAD ..\obj\stm32f4xx_dac.o
LOAD ..\obj\dataqueue.o
LOAD ..\obj\startup_stm32f4xx.o
LOAD ..\obj\waypoints.o
LOAD ..\obj\main.o
LOAD ..\obj\stm32f4xx_rcc.o
LOAD ..\obj\stm32f4xx_adc.o
LOAD ..\obj\printf.o
LOAD ..\obj\stm32f4xx_gpio.o
LOAD ..\obj\sh_cmd.o
LOAD ..\obj\system_stm32f4xx.o
LOAD ..\obj\syscalls.o
LOAD ..\obj\stm32f4xx_dma.o
LOAD ..\obj\stm32f4xx_spi.o
LOAD ..\obj\stm32f4xx_i2c.o
LOAD ..\obj\stm32f4xx_rng.o
LOAD ..\obj\misc.o
LOAD ..\obj\parsers.o
LOAD ..\obj\stm32f4xx_rtc.o
LOAD ..\obj\stm32f4xx_tim.o
LOAD ..\obj\xbee.o
START GROUP
LOAD c:/coocox/gcc-arm-none-eabi-4_9-2014q4-20141203-win32/bin/../lib/gcc/arm-none-eabi/4.9.3/armv7e-m\libgcc.a
LOAD c:/coocox/gcc-arm-none-eabi-4_9-2014q4-20141203-win32/bin/../lib/gcc/arm-none-eabi/4.9.3/../../../../arm-none-eabi/lib/armv7e-m\libg.a
LOAD c:/coocox/gcc-arm-none-eabi-4_9-2014q4-20141203-win32/bin/../lib/gcc/arm-none-eabi/4.9.3/../../../../arm-none-eabi/lib/armv7e-m\libc.a
END GROUP
OUTPUT(xbee_test.elf elf32-littlearm)

.debug_info     0x00000000     0x6e14
 .debug_info    0x00000000      0x37d ..\obj\protocol.o
 .debug_info    0x0000037d      0x7dc ..\obj\interrupts.o
 .debug_info    0x00000b59      0x9c2 ..\obj\stm32f4xx_usart.o
 .debug_info    0x0000151b      0x1e0 ..\obj\dataqueue.o
 .debug_info    0x000016fb       0xed ..\obj\startup_stm32f4xx.o
 .debug_info    0x000017e8      0x1cd ..\obj\waypoints.o
 .debug_info    0x000019b5      0x38e ..\obj\main.o
 .debug_info    0x00001d43      0xc4d ..\obj\stm32f4xx_rcc.o
 .debug_info    0x00002990      0xe38 ..\obj\printf.o
 .debug_info    0x000037c8      0x602 ..\obj\stm32f4xx_gpio.o
 .debug_info    0x00003dca       0xa9 ..\obj\sh_cmd.o
 .debug_info    0x00003e73      0x3ee ..\obj\syscalls.o
 .debug_info    0x00004261      0x53d ..\obj\misc.o
 .debug_info    0x0000479e      0x129 ..\obj\parsers.o
 .debug_info    0x000048c7     0x1c61 ..\obj\stm32f4xx_tim.o
 .debug_info    0x00006528      0x8ec ..\obj\xbee.o

.debug_abbrev   0x00000000     0x13e2
 .debug_abbrev  0x00000000      0x158 ..\obj\protocol.o
 .debug_abbrev  0x00000158      0x14b ..\obj\interrupts.o
 .debug_abbrev  0x000002a3      0x155 ..\obj\stm32f4xx_usart.o
 .debug_abbrev  0x000003f8       0xf7 ..\obj\dataqueue.o
 .debug_abbrev  0x000004ef       0xb0 ..\obj\startup_stm32f4xx.o
 .debug_abbrev  0x0000059f      0x106 ..\obj\waypoints.o
 .debug_abbrev  0x000006a5       0xfb ..\obj\main.o
 .debug_abbrev  0x000007a0      0x1e3 ..\obj\stm32f4xx_rcc.o
 .debug_abbrev  0x00000983      0x27e ..\obj\printf.o
 .debug_abbrev  0x00000c01      0x1a3 ..\obj\stm32f4xx_gpio.o
 .debug_abbrev  0x00000da4       0x14 ..\obj\sh_cmd.o
 .debug_abbrev  0x00000db8       0xe2 ..\obj\syscalls.o
 .debug_abbrev  0x00000e9a      0x145 ..\obj\misc.o
 .debug_abbrev  0x00000fdf       0xb8 ..\obj\parsers.o
 .debug_abbrev  0x00001097      0x187 ..\obj\stm32f4xx_tim.o
 .debug_abbrev  0x0000121e      0x1c4 ..\obj\xbee.o

.debug_aranges  0x00000000      0x908
 .debug_aranges
                0x00000000       0x50 ..\obj\protocol.o
 .debug_aranges
                0x00000050       0x38 ..\obj\interrupts.o
 .debug_aranges
                0x00000088      0x100 ..\obj\stm32f4xx_usart.o
 .debug_aranges
                0x00000188       0x38 ..\obj\dataqueue.o
 .debug_aranges
                0x000001c0       0x28 ..\obj\startup_stm32f4xx.o
 .debug_aranges
                0x000001e8       0x28 ..\obj\waypoints.o
 .debug_aranges
                0x00000210       0x28 ..\obj\main.o
 .debug_aranges
                0x00000238      0x178 ..\obj\stm32f4xx_rcc.o
 .debug_aranges
                0x000003b0       0xa0 ..\obj\printf.o
 .debug_aranges
                0x00000450       0x88 ..\obj\stm32f4xx_gpio.o
 .debug_aranges
                0x000004d8       0x20 ..\obj\sh_cmd.o
 .debug_aranges
                0x000004f8       0x60 ..\obj\syscalls.o
 .debug_aranges
                0x00000558       0x40 ..\obj\misc.o
 .debug_aranges
                0x00000598       0x20 ..\obj\parsers.o
 .debug_aranges
                0x000005b8      0x2f8 ..\obj\stm32f4xx_tim.o
 .debug_aranges
                0x000008b0       0x58 ..\obj\xbee.o

.debug_ranges   0x00000000      0x7f8
 .debug_ranges  0x00000000       0x40 ..\obj\protocol.o
 .debug_ranges  0x00000040       0x28 ..\obj\interrupts.o
 .debug_ranges  0x00000068       0xf0 ..\obj\stm32f4xx_usart.o
 .debug_ranges  0x00000158       0x28 ..\obj\dataqueue.o
 .debug_ranges  0x00000180       0x18 ..\obj\startup_stm32f4xx.o
 .debug_ranges  0x00000198       0x18 ..\obj\waypoints.o
 .debug_ranges  0x000001b0       0x18 ..\obj\main.o
 .debug_ranges  0x000001c8      0x168 ..\obj\stm32f4xx_rcc.o
 .debug_ranges  0x00000330       0x90 ..\obj\printf.o
 .debug_ranges  0x000003c0       0x78 ..\obj\stm32f4xx_gpio.o
 .debug_ranges  0x00000438       0x50 ..\obj\syscalls.o
 .debug_ranges  0x00000488       0x30 ..\obj\misc.o
 .debug_ranges  0x000004b8       0x10 ..\obj\parsers.o
 .debug_ranges  0x000004c8      0x2e8 ..\obj\stm32f4xx_tim.o
 .debug_ranges  0x000007b0       0x48 ..\obj\xbee.o

.debug_line     0x00000000     0x2f7d
 .debug_line    0x00000000      0x26c ..\obj\protocol.o
 .debug_line    0x0000026c      0x280 ..\obj\interrupts.o
 .debug_line    0x000004ec      0x4bb ..\obj\stm32f4xx_usart.o
 .debug_line    0x000009a7      0x177 ..\obj\dataqueue.o
 .debug_line    0x00000b1e       0xa5 ..\obj\startup_stm32f4xx.o
 .debug_line    0x00000bc3      0x1b8 ..\obj\waypoints.o
 .debug_line    0x00000d7b      0x209 ..\obj\main.o
 .debug_line    0x00000f84      0x5ba ..\obj\stm32f4xx_rcc.o
 .debug_line    0x0000153e      0x374 ..\obj\printf.o
 .debug_line    0x000018b2      0x35c ..\obj\stm32f4xx_gpio.o
 .debug_line    0x00001c0e       0x86 ..\obj\sh_cmd.o
 .debug_line    0x00001c94      0x174 ..\obj\syscalls.o
 .debug_line    0x00001e08      0x25e ..\obj\misc.o
 .debug_line    0x00002066      0x12d ..\obj\parsers.o
 .debug_line    0x00002193      0xa83 ..\obj\stm32f4xx_tim.o
 .debug_line    0x00002c16      0x367 ..\obj\xbee.o

.debug_str      0x00000000     0x2d92
 .debug_str     0x00000000      0x2b6 ..\obj\protocol.o
                                0x322 (size before relaxing)
 .debug_str     0x000002b6      0x7cb ..\obj\interrupts.o
                                0x9a6 (size before relaxing)
 .debug_str     0x00000a81      0x4a7 ..\obj\stm32f4xx_usart.o
                                0x693 (size before relaxing)
 .debug_str     0x00000f28       0x9b ..\obj\dataqueue.o
                                0x201 (size before relaxing)
 .debug_str     0x00000fc3       0xb4 ..\obj\startup_stm32f4xx.o
                                0x14b (size before relaxing)
 .debug_str     0x00001077       0x84 ..\obj\waypoints.o
                                0x227 (size before relaxing)
 .debug_str     0x000010fb       0x5c ..\obj\main.o
                                0x31f (size before relaxing)
 .debug_str     0x00001157      0x5e7 ..\obj\stm32f4xx_rcc.o
                                0x854 (size before relaxing)
 .debug_str     0x0000173e      0x4a5 ..\obj\printf.o
                                0x66b (size before relaxing)
 .debug_str     0x00001be3      0x2ee ..\obj\stm32f4xx_gpio.o
                                0x4a7 (size before relaxing)
 .debug_str     0x00001ed1      0x147 ..\obj\syscalls.o
                                0x2dc (size before relaxing)
 .debug_str     0x00002018      0x1b9 ..\obj\misc.o
                                0x3d2 (size before relaxing)
 .debug_str     0x000021d1       0x39 ..\obj\parsers.o
                                0x191 (size before relaxing)
 .debug_str     0x0000220a      0xa8a ..\obj\stm32f4xx_tim.o
                                0xdd4 (size before relaxing)
 .debug_str     0x00002c94       0xfe ..\obj\xbee.o
                                0xb13 (size before relaxing)

.comment        0x00000000       0x70
 .comment       0x00000000       0x70 ..\obj\protocol.o
                                 0x71 (size before relaxing)
 .comment       0x00000000       0x71 ..\obj\interrupts.o
 .comment       0x00000000       0x71 ..\obj\stm32f4xx_usart.o
 .comment       0x00000000       0x71 ..\obj\dataqueue.o
 .comment       0x00000000       0x71 ..\obj\startup_stm32f4xx.o
 .comment       0x00000000       0x71 ..\obj\waypoints.o
 .comment       0x00000000       0x71 ..\obj\main.o
 .comment       0x00000000       0x71 ..\obj\stm32f4xx_rcc.o
 .comment       0x00000000       0x71 ..\obj\printf.o
 .comment       0x00000000       0x71 ..\obj\stm32f4xx_gpio.o
 .comment       0x00000000       0x71 ..\obj\syscalls.o
 .comment       0x00000000       0x71 ..\obj\misc.o
 .comment       0x00000000       0x71 ..\obj\parsers.o
 .comment       0x00000000       0x71 ..\obj\stm32f4xx_tim.o
 .comment       0x00000000       0x71 ..\obj\xbee.o

.ARM.attributes
                0x00000000       0x31
 .ARM.attributes
                0x00000000       0x33 ..\obj\protocol.o
 .ARM.attributes
                0x00000033       0x33 ..\obj\interrupts.o
 .ARM.attributes
                0x00000066       0x33 ..\obj\stm32f4xx_usart.o
 .ARM.attributes
                0x00000099       0x33 ..\obj\dataqueue.o
 .ARM.attributes
                0x000000cc       0x33 ..\obj\startup_stm32f4xx.o
 .ARM.attributes
                0x000000ff       0x33 ..\obj\waypoints.o
 .ARM.attributes
                0x00000132       0x33 ..\obj\main.o
 .ARM.attributes
                0x00000165       0x33 ..\obj\stm32f4xx_rcc.o
 .ARM.attributes
                0x00000198       0x33 ..\obj\printf.o
 .ARM.attributes
                0x000001cb       0x33 ..\obj\stm32f4xx_gpio.o
 .ARM.attributes
                0x000001fe       0x21 ..\obj\sh_cmd.o
 .ARM.attributes
                0x0000021f       0x33 ..\obj\syscalls.o
 .ARM.attributes
                0x00000252       0x33 ..\obj\misc.o
 .ARM.attributes
                0x00000285       0x33 ..\obj\parsers.o
 .ARM.attributes
                0x000002b8       0x33 ..\obj\stm32f4xx_tim.o
 .ARM.attributes
                0x000002eb       0x33 ..\obj\xbee.o
 .ARM.attributes
                0x0000031e       0x2e c:/coocox/gcc-arm-none-eabi-4_9-2014q4-20141203-win32/bin/../lib/gcc/arm-none-eabi/4.9.3/../../../../arm-none-eabi/lib/armv7e-m\libg.a(lib_a-malloc.o)
 .ARM.attributes
                0x0000034c       0x2e c:/coocox/gcc-arm-none-eabi-4_9-2014q4-20141203-win32/bin/../lib/gcc/arm-none-eabi/4.9.3/../../../../arm-none-eabi/lib/armv7e-m\libg.a(lib_a-mallocr.o)
 .ARM.attributes
                0x0000037a       0x1c c:/coocox/gcc-arm-none-eabi-4_9-2014q4-20141203-win32/bin/../lib/gcc/arm-none-eabi/4.9.3/../../../../arm-none-eabi/lib/armv7e-m\libg.a(lib_a-memcpy.o)
 .ARM.attributes
                0x00000396       0x2e c:/coocox/gcc-arm-none-eabi-4_9-2014q4-20141203-win32/bin/../lib/gcc/arm-none-eabi/4.9.3/../../../../arm-none-eabi/lib/armv7e-m\libg.a(lib_a-memset.o)
 .ARM.attributes
                0x000003c4       0x2e c:/coocox/gcc-arm-none-eabi-4_9-2014q4-20141203-win32/bin/../lib/gcc/arm-none-eabi/4.9.3/../../../../arm-none-eabi/lib/armv7e-m\libg.a(lib_a-mlock.o)
 .ARM.attributes
                0x000003f2       0x2e c:/coocox/gcc-arm-none-eabi-4_9-2014q4-20141203-win32/bin/../lib/gcc/arm-none-eabi/4.9.3/../../../../arm-none-eabi/lib/armv7e-m\libg.a(lib_a-sbrkr.o)
 .ARM.attributes
                0x00000420       0x2e c:/coocox/gcc-arm-none-eabi-4_9-2014q4-20141203-win32/bin/../lib/gcc/arm-none-eabi/4.9.3/../../../../arm-none-eabi/lib/armv7e-m\libg.a(lib_a-freer.o)
 .ARM.attributes
                0x0000044e       0x2e c:/coocox/gcc-arm-none-eabi-4_9-2014q4-20141203-win32/bin/../lib/gcc/arm-none-eabi/4.9.3/../../../../arm-none-eabi/lib/armv7e-m\libg.a(lib_a-reent.o)

.debug_frame    0x00000000     0x278c
 .debug_frame   0x00000000      0x104 ..\obj\protocol.o
 .debug_frame   0x00000104       0x98 ..\obj\interrupts.o
 .debug_frame   0x0000019c      0x490 ..\obj\stm32f4xx_usart.o
 .debug_frame   0x0000062c       0xa4 ..\obj\dataqueue.o
 .debug_frame   0x000006d0       0x4c ..\obj\startup_stm32f4xx.o
 .debug_frame   0x0000071c       0x54 ..\obj\waypoints.o
 .debug_frame   0x00000770       0x58 ..\obj\main.o
 .debug_frame   0x000007c8      0x6d4 ..\obj\stm32f4xx_rcc.o
 .debug_frame   0x00000e9c      0x2dc ..\obj\printf.o
 .debug_frame   0x00001178      0x23c ..\obj\stm32f4xx_gpio.o
 .debug_frame   0x000013b4      0x168 ..\obj\syscalls.o
 .debug_frame   0x0000151c       0xd8 ..\obj\misc.o
 .debug_frame   0x000015f4       0x34 ..\obj\parsers.o
 .debug_frame   0x00001628      0xe54 ..\obj\stm32f4xx_tim.o
 .debug_frame   0x0000247c      0x12c ..\obj\xbee.o
 .debug_frame   0x000025a8       0x30 c:/coocox/gcc-arm-none-eabi-4_9-2014q4-20141203-win32/bin/../lib/gcc/arm-none-eabi/4.9.3/../../../../arm-none-eabi/lib/armv7e-m\libg.a(lib_a-malloc.o)
 .debug_frame   0x000025d8       0x58 c:/coocox/gcc-arm-none-eabi-4_9-2014q4-20141203-win32/bin/../lib/gcc/arm-none-eabi/4.9.3/../../../../arm-none-eabi/lib/armv7e-m\libg.a(lib_a-mallocr.o)
 .debug_frame   0x00002630       0x34 c:/coocox/gcc-arm-none-eabi-4_9-2014q4-20141203-win32/bin/../lib/gcc/arm-none-eabi/4.9.3/../../../../arm-none-eabi/lib/armv7e-m\libg.a(lib_a-memset.o)
 .debug_frame   0x00002664       0x30 c:/coocox/gcc-arm-none-eabi-4_9-2014q4-20141203-win32/bin/../lib/gcc/arm-none-eabi/4.9.3/../../../../arm-none-eabi/lib/armv7e-m\libg.a(lib_a-mlock.o)
 .debug_frame   0x00002694       0x2c c:/coocox/gcc-arm-none-eabi-4_9-2014q4-20141203-win32/bin/../lib/gcc/arm-none-eabi/4.9.3/../../../../arm-none-eabi/lib/armv7e-m\libg.a(lib_a-sbrkr.o)
 .debug_frame   0x000026c0       0x74 c:/coocox/gcc-arm-none-eabi-4_9-2014q4-20141203-win32/bin/../lib/gcc/arm-none-eabi/4.9.3/../../../../arm-none-eabi/lib/armv7e-m\libg.a(lib_a-freer.o)
 .debug_frame   0x00002734       0x58 c:/coocox/gcc-arm-none-eabi-4_9-2014q4-20141203-win32/bin/../lib/gcc/arm-none-eabi/4.9.3/../../../../arm-none-eabi/lib/armv7e-m\libg.a(lib_a-reent.o)
