Archive member included because of file (symbol)

c:/coocox/gcc-arm-none-eabi-4_9-2014q4-20141203-win32/bin/../lib/gcc/arm-none-eabi/4.9.3/../../../../arm-none-eabi/lib/armv7e-m\libg.a(lib_a-memcpy.o)
                              ..\obj\dataqueue.o (memcpy)

Allocating common symbols
Common symbol       size              file

g_packet            0x6e              ..\obj\protocol.o
g_dataqueue_front   0x4               ..\obj\main.o
g_data              0x9               ..\obj\main.o
Rx_Buffer           0x6e              ..\obj\protocol.o
g_dataqueue_size    0x4               ..\obj\main.o

Discarded input sections

 .text          0x00000000        0x0 ..\obj\semihosting.o
 .data          0x00000000        0x0 ..\obj\semihosting.o
 .bss           0x00000000       0x14 ..\obj\semihosting.o
 .text.SH_SendChar
                0x00000000       0x68 ..\obj\semihosting.o
 .text.SH_SendString
                0x00000000       0x24 ..\obj\semihosting.o
 .text.SH_GetChar
                0x00000000       0x40 ..\obj\semihosting.o
 .debug_info    0x00000000      0x12b ..\obj\semihosting.o
 .debug_abbrev  0x00000000       0xab ..\obj\semihosting.o
 .debug_aranges
                0x00000000       0x30 ..\obj\semihosting.o
 .debug_ranges  0x00000000       0x20 ..\obj\semihosting.o
 .debug_line    0x00000000       0xb4 ..\obj\semihosting.o
 .debug_str     0x00000000      0x18e ..\obj\semihosting.o
 .comment       0x00000000       0x71 ..\obj\semihosting.o
 .debug_frame   0x00000000       0x7c ..\obj\semihosting.o
 .ARM.attributes
                0x00000000       0x33 ..\obj\semihosting.o
 .text          0x00000000        0x0 ..\obj\protocol.o
 .data          0x00000000        0x0 ..\obj\protocol.o
 .bss           0x00000000        0x0 ..\obj\protocol.o
 .text.protocol_init_data
                0x00000000       0x48 ..\obj\protocol.o
 .text.protocol_tx_data
                0x00000000       0x3c ..\obj\protocol.o
 .rodata        0x00000000        0x4 ..\obj\protocol.o
 .text.protocol_debug
                0x00000000       0x7c ..\obj\protocol.o
 .text          0x00000000        0x0 ..\obj\stm32f4xx_usart.o
 .data          0x00000000        0x0 ..\obj\stm32f4xx_usart.o
 .bss           0x00000000        0x0 ..\obj\stm32f4xx_usart.o
 .text.USART_DeInit
                0x00000000       0xd0 ..\obj\stm32f4xx_usart.o
 .text.USART_StructInit
                0x00000000       0x38 ..\obj\stm32f4xx_usart.o
 .text.USART_ClockInit
                0x00000000       0x54 ..\obj\stm32f4xx_usart.o
 .text.USART_ClockStructInit
                0x00000000       0x2c ..\obj\stm32f4xx_usart.o
 .text.USART_SetPrescaler
                0x00000000       0x38 ..\obj\stm32f4xx_usart.o
 .text.USART_OverSampling8Cmd
                0x00000000       0x44 ..\obj\stm32f4xx_usart.o
 .text.USART_OneBitMethodCmd
                0x00000000       0x40 ..\obj\stm32f4xx_usart.o
 .text.USART_ReceiveData
                0x00000000       0x20 ..\obj\stm32f4xx_usart.o
 .text.USART_SetAddress
                0x00000000       0x38 ..\obj\stm32f4xx_usart.o
 .text.USART_ReceiverWakeUpCmd
                0x00000000       0x40 ..\obj\stm32f4xx_usart.o
 .text.USART_WakeUpConfig
                0x00000000       0x38 ..\obj\stm32f4xx_usart.o
 .text.USART_LINBreakDetectLengthConfig
                0x00000000       0x38 ..\obj\stm32f4xx_usart.o
 .text.USART_LINCmd
                0x00000000       0x40 ..\obj\stm32f4xx_usart.o
 .text.USART_SendBreak
                0x00000000       0x24 ..\obj\stm32f4xx_usart.o
 .text.USART_HalfDuplexCmd
                0x00000000       0x40 ..\obj\stm32f4xx_usart.o
 .text.USART_SetGuardTime
                0x00000000       0x3c ..\obj\stm32f4xx_usart.o
 .text.USART_SmartCardCmd
                0x00000000       0x40 ..\obj\stm32f4xx_usart.o
 .text.USART_SmartCardNACKCmd
                0x00000000       0x40 ..\obj\stm32f4xx_usart.o
 .text.USART_IrDAConfig
                0x00000000       0x38 ..\obj\stm32f4xx_usart.o
 .text.USART_IrDACmd
                0x00000000       0x40 ..\obj\stm32f4xx_usart.o
 .text.USART_DMACmd
                0x00000000       0x48 ..\obj\stm32f4xx_usart.o
 .text.USART_ClearFlag
                0x00000000       0x20 ..\obj\stm32f4xx_usart.o
 .text.USART_ClearITPendingBit
                0x00000000       0x38 ..\obj\stm32f4xx_usart.o
 .text          0x00000000        0x0 ..\obj\stm32f4xx_pwr.o
 .data          0x00000000        0x0 ..\obj\stm32f4xx_pwr.o
 .bss           0x00000000        0x0 ..\obj\stm32f4xx_pwr.o
 .text.PWR_DeInit
                0x00000000       0x1c ..\obj\stm32f4xx_pwr.o
 .text.PWR_BackupAccessCmd
                0x00000000       0x20 ..\obj\stm32f4xx_pwr.o
 .text.PWR_PVDLevelConfig
                0x00000000       0x38 ..\obj\stm32f4xx_pwr.o
 .text.PWR_PVDCmd
                0x00000000       0x20 ..\obj\stm32f4xx_pwr.o
 .text.PWR_WakeUpPinCmd
                0x00000000       0x20 ..\obj\stm32f4xx_pwr.o
 .text.PWR_BackupRegulatorCmd
                0x00000000       0x20 ..\obj\stm32f4xx_pwr.o
 .text.PWR_MainRegulatorModeConfig
                0x00000000       0x38 ..\obj\stm32f4xx_pwr.o
 .text.PWR_FlashPowerDownCmd
                0x00000000       0x20 ..\obj\stm32f4xx_pwr.o
 .text.PWR_EnterSTOPMode
                0x00000000       0x64 ..\obj\stm32f4xx_pwr.o
 .text.PWR_EnterSTANDBYMode
                0x00000000       0x3c ..\obj\stm32f4xx_pwr.o
 .text.PWR_GetFlagStatus
                0x00000000       0x34 ..\obj\stm32f4xx_pwr.o
 .text.PWR_ClearFlag
                0x00000000       0x24 ..\obj\stm32f4xx_pwr.o
 .debug_info    0x00000000      0x4fc ..\obj\stm32f4xx_pwr.o
 .debug_abbrev  0x00000000      0x17f ..\obj\stm32f4xx_pwr.o
 .debug_aranges
                0x00000000       0x78 ..\obj\stm32f4xx_pwr.o
 .debug_ranges  0x00000000       0x68 ..\obj\stm32f4xx_pwr.o
 .debug_line    0x00000000      0x2ca ..\obj\stm32f4xx_pwr.o
 .debug_str     0x00000000      0x395 ..\obj\stm32f4xx_pwr.o
 .comment       0x00000000       0x71 ..\obj\stm32f4xx_pwr.o
 .debug_frame   0x00000000      0x1dc ..\obj\stm32f4xx_pwr.o
 .ARM.attributes
                0x00000000       0x33 ..\obj\stm32f4xx_pwr.o
 .text          0x00000000        0x0 ..\obj\stm32f4xx_dac.o
 .data          0x00000000        0x0 ..\obj\stm32f4xx_dac.o
 .bss           0x00000000        0x0 ..\obj\stm32f4xx_dac.o
 .text.DAC_DeInit
                0x00000000       0x1c ..\obj\stm32f4xx_dac.o
 .text.DAC_Init
                0x00000000       0x64 ..\obj\stm32f4xx_dac.o
 .text.DAC_StructInit
                0x00000000       0x2c ..\obj\stm32f4xx_dac.o
 .text.DAC_Cmd  0x00000000       0x48 ..\obj\stm32f4xx_dac.o
 .text.DAC_SoftwareTriggerCmd
                0x00000000       0x4c ..\obj\stm32f4xx_dac.o
 .text.DAC_DualSoftwareTriggerCmd
                0x00000000       0x38 ..\obj\stm32f4xx_dac.o
 .text.DAC_WaveGenerationCmd
                0x00000000       0x4c ..\obj\stm32f4xx_dac.o
 .text.DAC_SetChannel1Data
                0x00000000       0x34 ..\obj\stm32f4xx_dac.o
 .text.DAC_SetChannel2Data
                0x00000000       0x34 ..\obj\stm32f4xx_dac.o
 .text.DAC_SetDualChannelData
                0x00000000       0x58 ..\obj\stm32f4xx_dac.o
 .text.DAC_GetDataOutputValue
                0x00000000       0x34 ..\obj\stm32f4xx_dac.o
 .text.DAC_DMACmd
                0x00000000       0x4c ..\obj\stm32f4xx_dac.o
 .text.DAC_ITConfig
                0x00000000       0x4c ..\obj\stm32f4xx_dac.o
 .text.DAC_GetFlagStatus
                0x00000000       0x3c ..\obj\stm32f4xx_dac.o
 .text.DAC_ClearFlag
                0x00000000       0x24 ..\obj\stm32f4xx_dac.o
 .text.DAC_GetITStatus
                0x00000000       0x58 ..\obj\stm32f4xx_dac.o
 .text.DAC_ClearITPendingBit
                0x00000000       0x24 ..\obj\stm32f4xx_dac.o
 .debug_info    0x00000000      0x63a ..\obj\stm32f4xx_dac.o
 .debug_abbrev  0x00000000      0x17c ..\obj\stm32f4xx_dac.o
 .debug_aranges
                0x00000000       0xa0 ..\obj\stm32f4xx_dac.o
 .debug_ranges  0x00000000       0x90 ..\obj\stm32f4xx_dac.o
 .debug_line    0x00000000      0x371 ..\obj\stm32f4xx_dac.o
 .debug_str     0x00000000      0x457 ..\obj\stm32f4xx_dac.o
 .comment       0x00000000       0x71 ..\obj\stm32f4xx_dac.o
 .debug_frame   0x00000000      0x2ac ..\obj\stm32f4xx_dac.o
 .ARM.attributes
                0x00000000       0x33 ..\obj\stm32f4xx_dac.o
 .text          0x00000000        0x0 ..\obj\dataqueue.o
 .data          0x00000000        0x0 ..\obj\dataqueue.o
 .bss           0x00000000        0x0 ..\obj\dataqueue.o
 .text          0x00000000        0x0 ..\obj\startup_stm32f4xx.o
 .data          0x00000000        0x0 ..\obj\startup_stm32f4xx.o
 .bss           0x00000000        0x0 ..\obj\startup_stm32f4xx.o
 .text          0x00000000        0x0 ..\obj\main.o
 .data          0x00000000        0x0 ..\obj\main.o
 .text          0x00000000        0x0 ..\obj\stm32f4xx_rcc.o
 .bss           0x00000000        0x0 ..\obj\stm32f4xx_rcc.o
 .text.RCC_DeInit
                0x00000000       0x50 ..\obj\stm32f4xx_rcc.o
 .text.RCC_HSEConfig
                0x00000000       0x24 ..\obj\stm32f4xx_rcc.o
 .text.RCC_WaitForHSEStartUp
                0x00000000       0x50 ..\obj\stm32f4xx_rcc.o
 .text.RCC_AdjustHSICalibrationValue
                0x00000000       0x3c ..\obj\stm32f4xx_rcc.o
 .text.RCC_HSICmd
                0x00000000       0x20 ..\obj\stm32f4xx_rcc.o
 .text.RCC_LSEConfig
                0x00000000       0x40 ..\obj\stm32f4xx_rcc.o
 .text.RCC_LSICmd
                0x00000000       0x20 ..\obj\stm32f4xx_rcc.o
 .text.RCC_PLLConfig
                0x00000000       0x3c ..\obj\stm32f4xx_rcc.o
 .text.RCC_PLLCmd
                0x00000000       0x20 ..\obj\stm32f4xx_rcc.o
 .text.RCC_PLLI2SConfig
                0x00000000       0x28 ..\obj\stm32f4xx_rcc.o
 .text.RCC_PLLI2SCmd
                0x00000000       0x20 ..\obj\stm32f4xx_rcc.o
 .text.RCC_ClockSecuritySystemCmd
                0x00000000       0x20 ..\obj\stm32f4xx_rcc.o
 .text.RCC_MCO1Config
                0x00000000       0x3c ..\obj\stm32f4xx_rcc.o
 .text.RCC_MCO2Config
                0x00000000       0x3c ..\obj\stm32f4xx_rcc.o
 .text.RCC_SYSCLKConfig
                0x00000000       0x38 ..\obj\stm32f4xx_rcc.o
 .text.RCC_GetSYSCLKSource
                0x00000000       0x20 ..\obj\stm32f4xx_rcc.o
 .text.RCC_HCLKConfig
                0x00000000       0x38 ..\obj\stm32f4xx_rcc.o
 .text.RCC_PCLK1Config
                0x00000000       0x38 ..\obj\stm32f4xx_rcc.o
 .text.RCC_PCLK2Config
                0x00000000       0x38 ..\obj\stm32f4xx_rcc.o
 .text.RCC_RTCCLKConfig
                0x00000000       0x5c ..\obj\stm32f4xx_rcc.o
 .text.RCC_RTCCLKCmd
                0x00000000       0x20 ..\obj\stm32f4xx_rcc.o
 .text.RCC_BackupResetCmd
                0x00000000       0x20 ..\obj\stm32f4xx_rcc.o
 .text.RCC_I2SCLKConfig
                0x00000000       0x1c ..\obj\stm32f4xx_rcc.o
 .text.RCC_AHB2PeriphClockCmd
                0x00000000       0x3c ..\obj\stm32f4xx_rcc.o
 .text.RCC_AHB3PeriphClockCmd
                0x00000000       0x3c ..\obj\stm32f4xx_rcc.o
 .text.RCC_APB1PeriphClockCmd
                0x00000000       0x3c ..\obj\stm32f4xx_rcc.o
 .text.RCC_AHB1PeriphResetCmd
                0x00000000       0x3c ..\obj\stm32f4xx_rcc.o
 .text.RCC_AHB2PeriphResetCmd
                0x00000000       0x3c ..\obj\stm32f4xx_rcc.o
 .text.RCC_AHB3PeriphResetCmd
                0x00000000       0x3c ..\obj\stm32f4xx_rcc.o
 .text.RCC_APB1PeriphResetCmd
                0x00000000       0x3c ..\obj\stm32f4xx_rcc.o
 .text.RCC_APB2PeriphResetCmd
                0x00000000       0x3c ..\obj\stm32f4xx_rcc.o
 .text.RCC_AHB1PeriphClockLPModeCmd
                0x00000000       0x3c ..\obj\stm32f4xx_rcc.o
 .text.RCC_AHB2PeriphClockLPModeCmd
                0x00000000       0x3c ..\obj\stm32f4xx_rcc.o
 .text.RCC_AHB3PeriphClockLPModeCmd
                0x00000000       0x3c ..\obj\stm32f4xx_rcc.o
 .text.RCC_APB1PeriphClockLPModeCmd
                0x00000000       0x3c ..\obj\stm32f4xx_rcc.o
 .text.RCC_APB2PeriphClockLPModeCmd
                0x00000000       0x3c ..\obj\stm32f4xx_rcc.o
 .text.RCC_ITConfig
                0x00000000       0x4c ..\obj\stm32f4xx_rcc.o
 .text.RCC_GetFlagStatus
                0x00000000       0x74 ..\obj\stm32f4xx_rcc.o
 .text.RCC_ClearFlag
                0x00000000       0x1c ..\obj\stm32f4xx_rcc.o
 .text.RCC_GetITStatus
                0x00000000       0x38 ..\obj\stm32f4xx_rcc.o
 .text.RCC_ClearITPendingBit
                0x00000000       0x20 ..\obj\stm32f4xx_rcc.o
 .text          0x00000000        0x0 ..\obj\stm32f4xx_adc.o
 .data          0x00000000        0x0 ..\obj\stm32f4xx_adc.o
 .bss           0x00000000        0x0 ..\obj\stm32f4xx_adc.o
 .text.ADC_DeInit
                0x00000000       0x1c ..\obj\stm32f4xx_adc.o
 .text.ADC_Init
                0x00000000       0xa8 ..\obj\stm32f4xx_adc.o
 .text.ADC_StructInit
                0x00000000       0x3c ..\obj\stm32f4xx_adc.o
 .text.ADC_CommonInit
                0x00000000       0x50 ..\obj\stm32f4xx_adc.o
 .text.ADC_CommonStructInit
                0x00000000       0x2c ..\obj\stm32f4xx_adc.o
 .text.ADC_Cmd  0x00000000       0x38 ..\obj\stm32f4xx_adc.o
 .text.ADC_AnalogWatchdogCmd
                0x00000000       0x38 ..\obj\stm32f4xx_adc.o
 .text.ADC_AnalogWatchdogThresholdsConfig
                0x00000000       0x28 ..\obj\stm32f4xx_adc.o
 .text.ADC_AnalogWatchdogSingleChannelConfig
                0x00000000       0x38 ..\obj\stm32f4xx_adc.o
 .text.ADC_TempSensorVrefintCmd
                0x00000000       0x38 ..\obj\stm32f4xx_adc.o
 .text.ADC_VBATCmd
                0x00000000       0x38 ..\obj\stm32f4xx_adc.o
 .text.ADC_RegularChannelConfig
                0x00000000      0x194 ..\obj\stm32f4xx_adc.o
 .text.ADC_SoftwareStartConv
                0x00000000       0x20 ..\obj\stm32f4xx_adc.o
 .text.ADC_GetSoftwareStartConvStatus
                0x00000000       0x30 ..\obj\stm32f4xx_adc.o
 .text.ADC_EOCOnEachRegularChannelCmd
                0x00000000       0x38 ..\obj\stm32f4xx_adc.o
 .text.ADC_ContinuousModeCmd
                0x00000000       0x38 ..\obj\stm32f4xx_adc.o
 .text.ADC_DiscModeChannelCountConfig
                0x00000000       0x44 ..\obj\stm32f4xx_adc.o
 .text.ADC_DiscModeCmd
                0x00000000       0x38 ..\obj\stm32f4xx_adc.o
 .text.ADC_GetConversionValue
                0x00000000       0x1c ..\obj\stm32f4xx_adc.o
 .text.ADC_GetMultiModeConversionValue
                0x00000000       0x18 ..\obj\stm32f4xx_adc.o
 .text.ADC_DMACmd
                0x00000000       0x38 ..\obj\stm32f4xx_adc.o
 .text.ADC_DMARequestAfterLastTransferCmd
                0x00000000       0x38 ..\obj\stm32f4xx_adc.o
 .text.ADC_MultiModeDMARequestAfterLastTransferCmd
                0x00000000       0x38 ..\obj\stm32f4xx_adc.o
 .text.ADC_InjectedChannelConfig
                0x00000000      0x120 ..\obj\stm32f4xx_adc.o
 .text.ADC_InjectedSequencerLengthConfig
                0x00000000       0x44 ..\obj\stm32f4xx_adc.o
 .text.ADC_SetInjectedOffset
                0x00000000       0x34 ..\obj\stm32f4xx_adc.o
 .text.ADC_ExternalTrigInjectedConvConfig
                0x00000000       0x34 ..\obj\stm32f4xx_adc.o
 .text.ADC_ExternalTrigInjectedConvEdgeConfig
                0x00000000       0x34 ..\obj\stm32f4xx_adc.o
 .text.ADC_SoftwareStartInjectedConv
                0x00000000       0x20 ..\obj\stm32f4xx_adc.o
 .text.ADC_GetSoftwareStartInjectedConvCmdStatus
                0x00000000       0x30 ..\obj\stm32f4xx_adc.o
 .text.ADC_AutoInjectedConvCmd
                0x00000000       0x38 ..\obj\stm32f4xx_adc.o
 .text.ADC_InjectedDiscModeCmd
                0x00000000       0x38 ..\obj\stm32f4xx_adc.o
 .text.ADC_GetInjectedConversionValue
                0x00000000       0x30 ..\obj\stm32f4xx_adc.o
 .text.ADC_ITConfig
                0x00000000       0x50 ..\obj\stm32f4xx_adc.o
 .text.ADC_GetFlagStatus
                0x00000000       0x34 ..\obj\stm32f4xx_adc.o
 .text.ADC_ClearFlag
                0x00000000       0x20 ..\obj\stm32f4xx_adc.o
 .text.ADC_GetITStatus
                0x00000000       0x5c ..\obj\stm32f4xx_adc.o
 .text.ADC_ClearITPendingBit
                0x00000000       0x2c ..\obj\stm32f4xx_adc.o
 .debug_info    0x00000000      0xc38 ..\obj\stm32f4xx_adc.o
 .debug_abbrev  0x00000000      0x196 ..\obj\stm32f4xx_adc.o
 .debug_aranges
                0x00000000      0x148 ..\obj\stm32f4xx_adc.o
 .debug_ranges  0x00000000      0x138 ..\obj\stm32f4xx_adc.o
 .debug_line    0x00000000      0x56b ..\obj\stm32f4xx_adc.o
 .debug_str     0x00000000      0x808 ..\obj\stm32f4xx_adc.o
 .comment       0x00000000       0x71 ..\obj\stm32f4xx_adc.o
 .debug_frame   0x00000000      0x5ec ..\obj\stm32f4xx_adc.o
 .ARM.attributes
                0x00000000       0x33 ..\obj\stm32f4xx_adc.o
 .text          0x00000000        0x0 ..\obj\printf.o
 .data          0x00000000      0x430 ..\obj\printf.o
 .bss           0x00000000        0x0 ..\obj\printf.o
 .text.PrintChar
                0x00000000       0x18 ..\obj\printf.o
 .text.PutChar  0x00000000       0x20 ..\obj\printf.o
 .text.PutString
                0x00000000       0x3c ..\obj\printf.o
 .text.PutUnsignedInt
                0x00000000       0xa0 ..\obj\printf.o
 .text.PutSignedInt
                0x00000000      0x104 ..\obj\printf.o
 .text.PutHexa  0x00000000       0xd8 ..\obj\printf.o
 .text.vsnprintf
                0x00000000      0x25c ..\obj\printf.o
 .text.snprintf
                0x00000000       0x30 ..\obj\printf.o
 .text.vsprintf
                0x00000000       0x24 ..\obj\printf.o
 .rodata        0x00000000       0x24 ..\obj\printf.o
 .text.vfprintf
                0x00000000       0x68 ..\obj\printf.o
 .text.vprintf  0x00000000       0x28 ..\obj\printf.o
 .text.fprintf  0x00000000       0x2c ..\obj\printf.o
 .text.printf   0x00000000       0x28 ..\obj\printf.o
 .text.sprintf  0x00000000       0x2c ..\obj\printf.o
 .text.puts     0x00000000       0x24 ..\obj\printf.o
 .text.fputc    0x00000000       0x40 ..\obj\printf.o
 .text.fputs    0x00000000       0x48 ..\obj\printf.o
 .debug_info    0x00000000      0xe38 ..\obj\printf.o
 .debug_abbrev  0x00000000      0x27e ..\obj\printf.o
 .debug_aranges
                0x00000000       0xa0 ..\obj\printf.o
 .debug_ranges  0x00000000       0x90 ..\obj\printf.o
 .debug_line    0x00000000      0x374 ..\obj\printf.o
 .debug_str     0x00000000      0x66b ..\obj\printf.o
 .comment       0x00000000       0x71 ..\obj\printf.o
 .debug_frame   0x00000000      0x2dc ..\obj\printf.o
 .ARM.attributes
                0x00000000       0x33 ..\obj\printf.o
 .text          0x00000000        0x0 ..\obj\stm32f4xx_gpio.o
 .data          0x00000000        0x0 ..\obj\stm32f4xx_gpio.o
 .bss           0x00000000        0x0 ..\obj\stm32f4xx_gpio.o
 .text.GPIO_DeInit
                0x00000000      0x120 ..\obj\stm32f4xx_gpio.o
 .text.GPIO_StructInit
                0x00000000       0x34 ..\obj\stm32f4xx_gpio.o
 .text.GPIO_PinLockConfig
                0x00000000       0x44 ..\obj\stm32f4xx_gpio.o
 .text.GPIO_ReadInputDataBit
                0x00000000       0x34 ..\obj\stm32f4xx_gpio.o
 .text.GPIO_ReadInputData
                0x00000000       0x1c ..\obj\stm32f4xx_gpio.o
 .text.GPIO_ReadOutputDataBit
                0x00000000       0x34 ..\obj\stm32f4xx_gpio.o
 .text.GPIO_ReadOutputData
                0x00000000       0x1c ..\obj\stm32f4xx_gpio.o
 .text.GPIO_SetBits
                0x00000000       0x1c ..\obj\stm32f4xx_gpio.o
 .text.GPIO_ResetBits
                0x00000000       0x1c ..\obj\stm32f4xx_gpio.o
 .text.GPIO_WriteBit
                0x00000000       0x30 ..\obj\stm32f4xx_gpio.o
 .text.GPIO_Write
                0x00000000       0x1c ..\obj\stm32f4xx_gpio.o
 .text.GPIO_ToggleBits
                0x00000000       0x24 ..\obj\stm32f4xx_gpio.o
 .data          0x00000000        0x0 ..\obj\sh_cmd.o
 .bss           0x00000000        0x0 ..\obj\sh_cmd.o
 .text          0x00000000        0x0 ..\obj\system_stm32f4xx.o
 .data          0x00000000       0x14 ..\obj\system_stm32f4xx.o
 .bss           0x00000000        0x0 ..\obj\system_stm32f4xx.o
 .text.SystemInit
                0x00000000       0x58 ..\obj\system_stm32f4xx.o
 .text.SystemCoreClockUpdate
                0x00000000       0xf8 ..\obj\system_stm32f4xx.o
 .text.SetSysClock
                0x00000000       0xf4 ..\obj\system_stm32f4xx.o
 .debug_info    0x00000000      0x592 ..\obj\system_stm32f4xx.o
 .debug_abbrev  0x00000000      0x136 ..\obj\system_stm32f4xx.o
 .debug_aranges
                0x00000000       0x30 ..\obj\system_stm32f4xx.o
 .debug_ranges  0x00000000       0x20 ..\obj\system_stm32f4xx.o
 .debug_line    0x00000000      0x1ff ..\obj\system_stm32f4xx.o
 .debug_str     0x00000000      0x3ae ..\obj\system_stm32f4xx.o
 .comment       0x00000000       0x71 ..\obj\system_stm32f4xx.o
 .debug_frame   0x00000000       0x7c ..\obj\system_stm32f4xx.o
 .ARM.attributes
                0x00000000       0x33 ..\obj\system_stm32f4xx.o
 .text          0x00000000        0x0 ..\obj\syscalls.o
 .data          0x00000000        0x0 ..\obj\syscalls.o
 .bss           0x00000000        0x4 ..\obj\syscalls.o
 .text._sbrk    0x00000000       0x40 ..\obj\syscalls.o
 .text.link     0x00000000       0x1c ..\obj\syscalls.o
 .text._close   0x00000000       0x18 ..\obj\syscalls.o
 .text._fstat   0x00000000       0x20 ..\obj\syscalls.o
 .text._isatty  0x00000000       0x18 ..\obj\syscalls.o
 .text._lseek   0x00000000       0x1c ..\obj\syscalls.o
 .text._read    0x00000000       0x1c ..\obj\syscalls.o
 .text._write   0x00000000       0x1c ..\obj\syscalls.o
 .text.abort    0x00000000        0x8 ..\obj\syscalls.o
 .debug_info    0x00000000      0x3ee ..\obj\syscalls.o
 .debug_abbrev  0x00000000       0xe2 ..\obj\syscalls.o
 .debug_aranges
                0x00000000       0x60 ..\obj\syscalls.o
 .debug_ranges  0x00000000       0x50 ..\obj\syscalls.o
 .debug_line    0x00000000      0x174 ..\obj\syscalls.o
 .debug_str     0x00000000      0x2dc ..\obj\syscalls.o
 .comment       0x00000000       0x71 ..\obj\syscalls.o
 .debug_frame   0x00000000      0x168 ..\obj\syscalls.o
 .ARM.attributes
                0x00000000       0x33 ..\obj\syscalls.o
 .text          0x00000000        0x0 ..\obj\stm32f4xx_dma.o
 .data          0x00000000        0x0 ..\obj\stm32f4xx_dma.o
 .bss           0x00000000        0x0 ..\obj\stm32f4xx_dma.o
 .text.DMA_DeInit
                0x00000000      0x1a4 ..\obj\stm32f4xx_dma.o
 .text.DMA_Init
                0x00000000       0xac ..\obj\stm32f4xx_dma.o
 .text.DMA_StructInit
                0x00000000       0x6c ..\obj\stm32f4xx_dma.o
 .text.DMA_Cmd  0x00000000       0x38 ..\obj\stm32f4xx_dma.o
 .text.DMA_PeriphIncOffsetSizeConfig
                0x00000000       0x34 ..\obj\stm32f4xx_dma.o
 .text.DMA_FlowControllerConfig
                0x00000000       0x34 ..\obj\stm32f4xx_dma.o
 .text.DMA_SetCurrDataCounter
                0x00000000       0x1c ..\obj\stm32f4xx_dma.o
 .text.DMA_GetCurrDataCounter
                0x00000000       0x1c ..\obj\stm32f4xx_dma.o
 .text.DMA_DoubleBufferModeConfig
                0x00000000       0x3c ..\obj\stm32f4xx_dma.o
 .text.DMA_DoubleBufferModeCmd
                0x00000000       0x38 ..\obj\stm32f4xx_dma.o
 .text.DMA_MemoryTargetConfig
                0x00000000       0x2c ..\obj\stm32f4xx_dma.o
 .text.DMA_GetCurrentMemoryTarget
                0x00000000       0x30 ..\obj\stm32f4xx_dma.o
 .text.DMA_GetCmdStatus
                0x00000000       0x30 ..\obj\stm32f4xx_dma.o
 .text.DMA_GetFIFOStatus
                0x00000000       0x24 ..\obj\stm32f4xx_dma.o
 .text.DMA_GetFlagStatus
                0x00000000       0x78 ..\obj\stm32f4xx_dma.o
 .text.DMA_ClearFlag
                0x00000000       0x5c ..\obj\stm32f4xx_dma.o
 .text.DMA_ITConfig
                0x00000000       0x74 ..\obj\stm32f4xx_dma.o
 .text.DMA_GetITStatus
                0x00000000       0xb0 ..\obj\stm32f4xx_dma.o
 .text.DMA_ClearITPendingBit
                0x00000000       0x5c ..\obj\stm32f4xx_dma.o
 .debug_info    0x00000000      0x739 ..\obj\stm32f4xx_dma.o
 .debug_abbrev  0x00000000      0x155 ..\obj\stm32f4xx_dma.o
 .debug_aranges
                0x00000000       0xb0 ..\obj\stm32f4xx_dma.o
 .debug_ranges  0x00000000       0xa0 ..\obj\stm32f4xx_dma.o
 .debug_line    0x00000000      0x3f5 ..\obj\stm32f4xx_dma.o
 .debug_str     0x00000000      0x546 ..\obj\stm32f4xx_dma.o
 .comment       0x00000000       0x71 ..\obj\stm32f4xx_dma.o
 .debug_frame   0x00000000      0x308 ..\obj\stm32f4xx_dma.o
 .ARM.attributes
                0x00000000       0x33 ..\obj\stm32f4xx_dma.o
 .text          0x00000000        0x0 ..\obj\stm32f4xx_spi.o
 .data          0x00000000        0x0 ..\obj\stm32f4xx_spi.o
 .bss           0x00000000        0x0 ..\obj\stm32f4xx_spi.o
 .text.SPI_I2S_DeInit
                0x00000000       0x74 ..\obj\stm32f4xx_spi.o
 .text.SPI_Init
                0x00000000       0x88 ..\obj\stm32f4xx_spi.o
 .text.I2S_Init
                0x00000000      0x1b4 ..\obj\stm32f4xx_spi.o
 .text.SPI_StructInit
                0x00000000       0x48 ..\obj\stm32f4xx_spi.o
 .text.I2S_StructInit
                0x00000000       0x38 ..\obj\stm32f4xx_spi.o
 .text.SPI_Cmd  0x00000000       0x40 ..\obj\stm32f4xx_spi.o
 .text.I2S_Cmd  0x00000000       0x40 ..\obj\stm32f4xx_spi.o
 .text.SPI_DataSizeConfig
                0x00000000       0x38 ..\obj\stm32f4xx_spi.o
 .text.SPI_BiDirectionalLineConfig
                0x00000000       0x40 ..\obj\stm32f4xx_spi.o
 .text.SPI_NSSInternalSoftwareConfig
                0x00000000       0x44 ..\obj\stm32f4xx_spi.o
 .text.SPI_SSOutputCmd
                0x00000000       0x40 ..\obj\stm32f4xx_spi.o
 .text.SPI_TIModeCmd
                0x00000000       0x40 ..\obj\stm32f4xx_spi.o
 .text.I2S_FullDuplexConfig
                0x00000000       0x9c ..\obj\stm32f4xx_spi.o
 .text.SPI_I2S_ReceiveData
                0x00000000       0x1c ..\obj\stm32f4xx_spi.o
 .text.SPI_I2S_SendData
                0x00000000       0x1c ..\obj\stm32f4xx_spi.o
 .text.SPI_CalculateCRC
                0x00000000       0x40 ..\obj\stm32f4xx_spi.o
 .text.SPI_TransmitCRC
                0x00000000       0x24 ..\obj\stm32f4xx_spi.o
 .text.SPI_GetCRC
                0x00000000       0x34 ..\obj\stm32f4xx_spi.o
 .text.SPI_GetCRCPolynomial
                0x00000000       0x1c ..\obj\stm32f4xx_spi.o
 .text.SPI_I2S_DMACmd
                0x00000000       0x48 ..\obj\stm32f4xx_spi.o
 .text.SPI_I2S_ITConfig
                0x00000000       0x60 ..\obj\stm32f4xx_spi.o
 .text.SPI_I2S_GetFlagStatus
                0x00000000       0x38 ..\obj\stm32f4xx_spi.o
 .text.SPI_I2S_ClearFlag
                0x00000000       0x20 ..\obj\stm32f4xx_spi.o
 .text.SPI_I2S_GetITStatus
                0x00000000       0x78 ..\obj\stm32f4xx_spi.o
 .text.SPI_I2S_ClearITPendingBit
                0x00000000       0x34 ..\obj\stm32f4xx_spi.o
 .debug_info    0x00000000      0xb07 ..\obj\stm32f4xx_spi.o
 .debug_abbrev  0x00000000      0x167 ..\obj\stm32f4xx_spi.o
 .debug_aranges
                0x00000000       0xe0 ..\obj\stm32f4xx_spi.o
 .debug_ranges  0x00000000       0xd0 ..\obj\stm32f4xx_spi.o
 .debug_line    0x00000000      0x46b ..\obj\stm32f4xx_spi.o
 .debug_str     0x00000000      0x68e ..\obj\stm32f4xx_spi.o
 .comment       0x00000000       0x71 ..\obj\stm32f4xx_spi.o
 .debug_frame   0x00000000      0x3f4 ..\obj\stm32f4xx_spi.o
 .ARM.attributes
                0x00000000       0x33 ..\obj\stm32f4xx_spi.o
 .text          0x00000000        0x0 ..\obj\stm32f4xx_i2c.o
 .data          0x00000000        0x0 ..\obj\stm32f4xx_i2c.o
 .bss           0x00000000        0x0 ..\obj\stm32f4xx_i2c.o
 .text.I2C_DeInit
                0x00000000       0x74 ..\obj\stm32f4xx_i2c.o
 .text.I2C_Init
                0x00000000      0x184 ..\obj\stm32f4xx_i2c.o
 .text.I2C_StructInit
                0x00000000       0x3c ..\obj\stm32f4xx_i2c.o
 .text.I2C_Cmd  0x00000000       0x40 ..\obj\stm32f4xx_i2c.o
 .text.I2C_GenerateSTART
                0x00000000       0x40 ..\obj\stm32f4xx_i2c.o
 .text.I2C_GenerateSTOP
                0x00000000       0x40 ..\obj\stm32f4xx_i2c.o
 .text.I2C_Send7bitAddress
                0x00000000       0x3c ..\obj\stm32f4xx_i2c.o
 .text.I2C_AcknowledgeConfig
                0x00000000       0x40 ..\obj\stm32f4xx_i2c.o
 .text.I2C_OwnAddress2Config
                0x00000000       0x40 ..\obj\stm32f4xx_i2c.o
 .text.I2C_DualAddressCmd
                0x00000000       0x40 ..\obj\stm32f4xx_i2c.o
 .text.I2C_GeneralCallCmd
                0x00000000       0x40 ..\obj\stm32f4xx_i2c.o
 .text.I2C_SoftwareResetCmd
                0x00000000       0x44 ..\obj\stm32f4xx_i2c.o
 .text.I2C_StretchClockCmd
                0x00000000       0x40 ..\obj\stm32f4xx_i2c.o
 .text.I2C_FastModeDutyCycleConfig
                0x00000000       0x40 ..\obj\stm32f4xx_i2c.o
 .text.I2C_NACKPositionConfig
                0x00000000       0x40 ..\obj\stm32f4xx_i2c.o
 .text.I2C_SMBusAlertConfig
                0x00000000       0x40 ..\obj\stm32f4xx_i2c.o
 .text.I2C_ARPCmd
                0x00000000       0x40 ..\obj\stm32f4xx_i2c.o
 .text.I2C_SendData
                0x00000000       0x20 ..\obj\stm32f4xx_i2c.o
 .text.I2C_ReceiveData
                0x00000000       0x1c ..\obj\stm32f4xx_i2c.o
 .text.I2C_TransmitPEC
                0x00000000       0x40 ..\obj\stm32f4xx_i2c.o
 .text.I2C_PECPositionConfig
                0x00000000       0x40 ..\obj\stm32f4xx_i2c.o
 .text.I2C_CalculatePEC
                0x00000000       0x40 ..\obj\stm32f4xx_i2c.o
 .text.I2C_GetPEC
                0x00000000       0x20 ..\obj\stm32f4xx_i2c.o
 .text.I2C_DMACmd
                0x00000000       0x40 ..\obj\stm32f4xx_i2c.o
 .text.I2C_DMALastTransferCmd
                0x00000000       0x40 ..\obj\stm32f4xx_i2c.o
 .text.I2C_ReadRegister
                0x00000000       0x30 ..\obj\stm32f4xx_i2c.o
 .text.I2C_ITConfig
                0x00000000       0x48 ..\obj\stm32f4xx_i2c.o
 .text.I2C_CheckEvent
                0x00000000       0x60 ..\obj\stm32f4xx_i2c.o
 .text.I2C_GetLastEvent
                0x00000000       0x44 ..\obj\stm32f4xx_i2c.o
 .text.I2C_GetFlagStatus
                0x00000000       0x68 ..\obj\stm32f4xx_i2c.o
 .text.I2C_ClearFlag
                0x00000000       0x2c ..\obj\stm32f4xx_i2c.o
 .text.I2C_GetITStatus
                0x00000000       0x5c ..\obj\stm32f4xx_i2c.o
 .text.I2C_ClearITPendingBit
                0x00000000       0x2c ..\obj\stm32f4xx_i2c.o
 .debug_info    0x00000000      0xaf4 ..\obj\stm32f4xx_i2c.o
 .debug_abbrev  0x00000000      0x164 ..\obj\stm32f4xx_i2c.o
 .debug_aranges
                0x00000000      0x120 ..\obj\stm32f4xx_i2c.o
 .debug_ranges  0x00000000      0x110 ..\obj\stm32f4xx_i2c.o
 .debug_line    0x00000000      0x4f4 ..\obj\stm32f4xx_i2c.o
 .debug_str     0x00000000      0x669 ..\obj\stm32f4xx_i2c.o
 .comment       0x00000000       0x71 ..\obj\stm32f4xx_i2c.o
 .debug_frame   0x00000000      0x530 ..\obj\stm32f4xx_i2c.o
 .ARM.attributes
                0x00000000       0x33 ..\obj\stm32f4xx_i2c.o
 .text          0x00000000        0x0 ..\obj\stm32f4xx_rng.o
 .data          0x00000000        0x0 ..\obj\stm32f4xx_rng.o
 .bss           0x00000000        0x0 ..\obj\stm32f4xx_rng.o
 .text.RNG_DeInit
                0x00000000       0x18 ..\obj\stm32f4xx_rng.o
 .text.RNG_Cmd  0x00000000       0x38 ..\obj\stm32f4xx_rng.o
 .text.RNG_GetRandomNumber
                0x00000000       0x18 ..\obj\stm32f4xx_rng.o
 .text.RNG_ITConfig
                0x00000000       0x38 ..\obj\stm32f4xx_rng.o
 .text.RNG_GetFlagStatus
                0x00000000       0x38 ..\obj\stm32f4xx_rng.o
 .text.RNG_ClearFlag
                0x00000000       0x24 ..\obj\stm32f4xx_rng.o
 .text.RNG_GetITStatus
                0x00000000       0x38 ..\obj\stm32f4xx_rng.o
 .text.RNG_ClearITPendingBit
                0x00000000       0x24 ..\obj\stm32f4xx_rng.o
 .debug_info    0x00000000      0x27f ..\obj\stm32f4xx_rng.o
 .debug_abbrev  0x00000000      0x144 ..\obj\stm32f4xx_rng.o
 .debug_aranges
                0x00000000       0x58 ..\obj\stm32f4xx_rng.o
 .debug_ranges  0x00000000       0x48 ..\obj\stm32f4xx_rng.o
 .debug_line    0x00000000      0x250 ..\obj\stm32f4xx_rng.o
 .debug_str     0x00000000      0x27d ..\obj\stm32f4xx_rng.o
 .comment       0x00000000       0x71 ..\obj\stm32f4xx_rng.o
 .debug_frame   0x00000000      0x13c ..\obj\stm32f4xx_rng.o
 .ARM.attributes
                0x00000000       0x33 ..\obj\stm32f4xx_rng.o
 .text          0x00000000        0x0 ..\obj\misc.o
 .data          0x00000000        0x0 ..\obj\misc.o
 .bss           0x00000000        0x0 ..\obj\misc.o
 .text.NVIC_PriorityGroupConfig
                0x00000000       0x24 ..\obj\misc.o
 .text.NVIC_SetVectorTable
                0x00000000       0x2c ..\obj\misc.o
 .text.NVIC_SystemLPConfig
                0x00000000       0x40 ..\obj\misc.o
 .text.SysTick_CLKSourceConfig
                0x00000000       0x38 ..\obj\misc.o
 .text          0x00000000        0x0 ..\obj\stm32f4xx_rtc.o
 .data          0x00000000        0x0 ..\obj\stm32f4xx_rtc.o
 .bss           0x00000000        0x0 ..\obj\stm32f4xx_rtc.o
 .text.RTC_DeInit
                0x00000000       0xdc ..\obj\stm32f4xx_rtc.o
 .text.RTC_Init
                0x00000000       0x78 ..\obj\stm32f4xx_rtc.o
 .text.RTC_StructInit
                0x00000000       0x24 ..\obj\stm32f4xx_rtc.o
 .text.RTC_WriteProtectionCmd
                0x00000000       0x34 ..\obj\stm32f4xx_rtc.o
 .text.RTC_EnterInitMode
                0x00000000       0x74 ..\obj\stm32f4xx_rtc.o
 .text.RTC_ExitInitMode
                0x00000000       0x1c ..\obj\stm32f4xx_rtc.o
 .text.RTC_WaitForSynchro
                0x00000000       0x78 ..\obj\stm32f4xx_rtc.o
 .text.RTC_RefClockCmd
                0x00000000       0x68 ..\obj\stm32f4xx_rtc.o
 .text.RTC_BypassShadowCmd
                0x00000000       0x4c ..\obj\stm32f4xx_rtc.o
 .text.RTC_SetTime
                0x00000000      0x104 ..\obj\stm32f4xx_rtc.o
 .text.RTC_TimeStructInit
                0x00000000       0x2c ..\obj\stm32f4xx_rtc.o
 .text.RTC_GetTime
                0x00000000       0x9c ..\obj\stm32f4xx_rtc.o
 .text.RTC_GetSubSecond
                0x00000000       0x28 ..\obj\stm32f4xx_rtc.o
 .text.RTC_SetDate
                0x00000000      0x10c ..\obj\stm32f4xx_rtc.o
 .text.RTC_DateStructInit
                0x00000000       0x2c ..\obj\stm32f4xx_rtc.o
 .text.RTC_GetDate
                0x00000000       0x9c ..\obj\stm32f4xx_rtc.o
 .text.RTC_SetAlarm
                0x00000000      0x138 ..\obj\stm32f4xx_rtc.o
 .text.RTC_AlarmStructInit
                0x00000000       0x3c ..\obj\stm32f4xx_rtc.o
 .text.RTC_GetAlarm
                0x00000000       0xd8 ..\obj\stm32f4xx_rtc.o
 .text.RTC_AlarmCmd
                0x00000000       0x9c ..\obj\stm32f4xx_rtc.o
 .text.RTC_AlarmSubSecondConfig
                0x00000000       0x50 ..\obj\stm32f4xx_rtc.o
 .text.RTC_GetAlarmSubSecond
                0x00000000       0x3c ..\obj\stm32f4xx_rtc.o
 .text.RTC_WakeUpClockConfig
                0x00000000       0x40 ..\obj\stm32f4xx_rtc.o
 .text.RTC_SetWakeUpCounter
                0x00000000       0x30 ..\obj\stm32f4xx_rtc.o
 .text.RTC_GetWakeUpCounter
                0x00000000       0x18 ..\obj\stm32f4xx_rtc.o
 .text.RTC_WakeUpCmd
                0x00000000       0x94 ..\obj\stm32f4xx_rtc.o
 .text.RTC_DayLightSavingConfig
                0x00000000       0x48 ..\obj\stm32f4xx_rtc.o
 .text.RTC_GetStoreOperation
                0x00000000       0x1c ..\obj\stm32f4xx_rtc.o
 .text.RTC_OutputConfig
                0x00000000       0x48 ..\obj\stm32f4xx_rtc.o
 .text.RTC_CoarseCalibConfig
                0x00000000       0x50 ..\obj\stm32f4xx_rtc.o
 .text.RTC_CoarseCalibCmd
                0x00000000       0x68 ..\obj\stm32f4xx_rtc.o
 .text.RTC_CalibOutputCmd
                0x00000000       0x4c ..\obj\stm32f4xx_rtc.o
 .text.RTC_CalibOutputConfig
                0x00000000       0x40 ..\obj\stm32f4xx_rtc.o
 .text.RTC_SmoothCalibConfig
                0x00000000       0x84 ..\obj\stm32f4xx_rtc.o
 .text.RTC_TimeStampCmd
                0x00000000       0x60 ..\obj\stm32f4xx_rtc.o
 .text.RTC_GetTimeStamp
                0x00000000      0x114 ..\obj\stm32f4xx_rtc.o
 .text.RTC_GetTimeStampSubSecond
                0x00000000       0x18 ..\obj\stm32f4xx_rtc.o
 .text.RTC_TamperTriggerConfig
                0x00000000       0x40 ..\obj\stm32f4xx_rtc.o
 .text.RTC_TamperCmd
                0x00000000       0x3c ..\obj\stm32f4xx_rtc.o
 .text.RTC_TamperFilterConfig
                0x00000000       0x30 ..\obj\stm32f4xx_rtc.o
 .text.RTC_TamperSamplingFreqConfig
                0x00000000       0x30 ..\obj\stm32f4xx_rtc.o
 .text.RTC_TamperPinsPrechargeDuration
                0x00000000       0x30 ..\obj\stm32f4xx_rtc.o
 .text.RTC_TimeStampOnTamperDetectionCmd
                0x00000000       0x38 ..\obj\stm32f4xx_rtc.o
 .text.RTC_TamperPullUpCmd
                0x00000000       0x38 ..\obj\stm32f4xx_rtc.o
 .text.RTC_WriteBackupRegister
                0x00000000       0x34 ..\obj\stm32f4xx_rtc.o
 .text.RTC_ReadBackupRegister
                0x00000000       0x30 ..\obj\stm32f4xx_rtc.o
 .text.RTC_TamperPinSelection
                0x00000000       0x30 ..\obj\stm32f4xx_rtc.o
 .text.RTC_TimeStampPinSelection
                0x00000000       0x30 ..\obj\stm32f4xx_rtc.o
 .text.RTC_OutputTypeConfig
                0x00000000       0x30 ..\obj\stm32f4xx_rtc.o
 .text.RTC_SynchroShiftConfig
                0x00000000       0x9c ..\obj\stm32f4xx_rtc.o
 .text.RTC_ITConfig
                0x00000000       0x78 ..\obj\stm32f4xx_rtc.o
 .text.RTC_GetFlagStatus
                0x00000000       0x44 ..\obj\stm32f4xx_rtc.o
 .text.RTC_ClearFlag
                0x00000000       0x30 ..\obj\stm32f4xx_rtc.o
 .text.RTC_GetITStatus
                0x00000000       0x68 ..\obj\stm32f4xx_rtc.o
 .text.RTC_ClearITPendingBit
                0x00000000       0x38 ..\obj\stm32f4xx_rtc.o
 .text.RTC_ByteToBcd2
                0x00000000       0x3c ..\obj\stm32f4xx_rtc.o
 .text.RTC_Bcd2ToByte
                0x00000000       0x38 ..\obj\stm32f4xx_rtc.o
 .debug_info    0x00000000     0x10df ..\obj\stm32f4xx_rtc.o
 .debug_abbrev  0x00000000      0x1ae ..\obj\stm32f4xx_rtc.o
 .debug_aranges
                0x00000000      0x1e0 ..\obj\stm32f4xx_rtc.o
 .debug_ranges  0x00000000      0x1d0 ..\obj\stm32f4xx_rtc.o
 .debug_line    0x00000000      0x83d ..\obj\stm32f4xx_rtc.o
 .debug_str     0x00000000      0xb4c ..\obj\stm32f4xx_rtc.o
 .comment       0x00000000       0x71 ..\obj\stm32f4xx_rtc.o
 .debug_frame   0x00000000      0x8b0 ..\obj\stm32f4xx_rtc.o
 .ARM.attributes
                0x00000000       0x33 ..\obj\stm32f4xx_rtc.o
 .text          0x00000000        0x0 ..\obj\stm32f4xx_tim.o
 .data          0x00000000        0x0 ..\obj\stm32f4xx_tim.o
 .bss           0x00000000        0x0 ..\obj\stm32f4xx_tim.o
 .text.TIM_DeInit
                0x00000000      0x1bc ..\obj\stm32f4xx_tim.o
 .text.TIM_TimeBaseInit
                0x00000000       0xd4 ..\obj\stm32f4xx_tim.o
 .text.TIM_TimeBaseStructInit
                0x00000000       0x34 ..\obj\stm32f4xx_tim.o
 .text.TIM_PrescalerConfig
                0x00000000       0x28 ..\obj\stm32f4xx_tim.o
 .text.TIM_CounterModeConfig
                0x00000000       0x38 ..\obj\stm32f4xx_tim.o
 .text.TIM_SetCounter
                0x00000000       0x1c ..\obj\stm32f4xx_tim.o
 .text.TIM_SetAutoreload
                0x00000000       0x1c ..\obj\stm32f4xx_tim.o
 .text.TIM_GetCounter
                0x00000000       0x18 ..\obj\stm32f4xx_tim.o
 .text.TIM_GetPrescaler
                0x00000000       0x1c ..\obj\stm32f4xx_tim.o
 .text.TIM_UpdateDisableConfig
                0x00000000       0x40 ..\obj\stm32f4xx_tim.o
 .text.TIM_UpdateRequestConfig
                0x00000000       0x40 ..\obj\stm32f4xx_tim.o
 .text.TIM_ARRPreloadConfig
                0x00000000       0x40 ..\obj\stm32f4xx_tim.o
 .text.TIM_SelectOnePulseMode
                0x00000000       0x38 ..\obj\stm32f4xx_tim.o
 .text.TIM_SetClockDivision
                0x00000000       0x38 ..\obj\stm32f4xx_tim.o
 .text.TIM_Cmd  0x00000000       0x40 ..\obj\stm32f4xx_tim.o
 .text.TIM_OC1Init
                0x00000000       0xf4 ..\obj\stm32f4xx_tim.o
 .text.TIM_OC2Init
                0x00000000      0x110 ..\obj\stm32f4xx_tim.o
 .text.TIM_OC3Init
                0x00000000      0x10c ..\obj\stm32f4xx_tim.o
 .text.TIM_OC4Init
                0x00000000       0xcc ..\obj\stm32f4xx_tim.o
 .text.TIM_OCStructInit
                0x00000000       0x44 ..\obj\stm32f4xx_tim.o
 .text.TIM_SelectOCxM
                0x00000000       0xb0 ..\obj\stm32f4xx_tim.o
 .text.TIM_SetCompare1
                0x00000000       0x1c ..\obj\stm32f4xx_tim.o
 .text.TIM_SetCompare2
                0x00000000       0x1c ..\obj\stm32f4xx_tim.o
 .text.TIM_SetCompare3
                0x00000000       0x1c ..\obj\stm32f4xx_tim.o
 .text.TIM_SetCompare4
                0x00000000       0x1c ..\obj\stm32f4xx_tim.o
 .text.TIM_ForcedOC1Config
                0x00000000       0x38 ..\obj\stm32f4xx_tim.o
 .text.TIM_ForcedOC2Config
                0x00000000       0x3c ..\obj\stm32f4xx_tim.o
 .text.TIM_ForcedOC3Config
                0x00000000       0x38 ..\obj\stm32f4xx_tim.o
 .text.TIM_ForcedOC4Config
                0x00000000       0x3c ..\obj\stm32f4xx_tim.o
 .text.TIM_OC1PreloadConfig
                0x00000000       0x38 ..\obj\stm32f4xx_tim.o
 .text.TIM_OC2PreloadConfig
                0x00000000       0x3c ..\obj\stm32f4xx_tim.o
 .text.TIM_OC3PreloadConfig
                0x00000000       0x38 ..\obj\stm32f4xx_tim.o
 .text.TIM_OC4PreloadConfig
                0x00000000       0x3c ..\obj\stm32f4xx_tim.o
 .text.TIM_OC1FastConfig
                0x00000000       0x38 ..\obj\stm32f4xx_tim.o
 .text.TIM_OC2FastConfig
                0x00000000       0x3c ..\obj\stm32f4xx_tim.o
 .text.TIM_OC3FastConfig
                0x00000000       0x38 ..\obj\stm32f4xx_tim.o
 .text.TIM_OC4FastConfig
                0x00000000       0x3c ..\obj\stm32f4xx_tim.o
 .text.TIM_ClearOC1Ref
                0x00000000       0x38 ..\obj\stm32f4xx_tim.o
 .text.TIM_ClearOC2Ref
                0x00000000       0x3c ..\obj\stm32f4xx_tim.o
 .text.TIM_ClearOC3Ref
                0x00000000       0x38 ..\obj\stm32f4xx_tim.o
 .text.TIM_ClearOC4Ref
                0x00000000       0x3c ..\obj\stm32f4xx_tim.o
 .text.TIM_OC1PolarityConfig
                0x00000000       0x38 ..\obj\stm32f4xx_tim.o
 .text.TIM_OC1NPolarityConfig
                0x00000000       0x38 ..\obj\stm32f4xx_tim.o
 .text.TIM_OC2PolarityConfig
                0x00000000       0x3c ..\obj\stm32f4xx_tim.o
 .text.TIM_OC2NPolarityConfig
                0x00000000       0x3c ..\obj\stm32f4xx_tim.o
 .text.TIM_OC3PolarityConfig
                0x00000000       0x3c ..\obj\stm32f4xx_tim.o
 .text.TIM_OC3NPolarityConfig
                0x00000000       0x3c ..\obj\stm32f4xx_tim.o
 .text.TIM_OC4PolarityConfig
                0x00000000       0x3c ..\obj\stm32f4xx_tim.o
 .text.TIM_CCxCmd
                0x00000000       0x54 ..\obj\stm32f4xx_tim.o
 .text.TIM_CCxNCmd
                0x00000000       0x54 ..\obj\stm32f4xx_tim.o
 .text.TIM_ICInit
                0x00000000       0xa8 ..\obj\stm32f4xx_tim.o
 .text.TIM_ICStructInit
                0x00000000       0x30 ..\obj\stm32f4xx_tim.o
 .text.TIM_PWMIConfig
                0x00000000       0xb8 ..\obj\stm32f4xx_tim.o
 .text.TIM_GetCapture1
                0x00000000       0x18 ..\obj\stm32f4xx_tim.o
 .text.TIM_GetCapture2
                0x00000000       0x18 ..\obj\stm32f4xx_tim.o
 .text.TIM_GetCapture3
                0x00000000       0x18 ..\obj\stm32f4xx_tim.o
 .text.TIM_GetCapture4
                0x00000000       0x18 ..\obj\stm32f4xx_tim.o
 .text.TIM_SetIC1Prescaler
                0x00000000       0x38 ..\obj\stm32f4xx_tim.o
 .text.TIM_SetIC2Prescaler
                0x00000000       0x3c ..\obj\stm32f4xx_tim.o
 .text.TIM_SetIC3Prescaler
                0x00000000       0x38 ..\obj\stm32f4xx_tim.o
 .text.TIM_SetIC4Prescaler
                0x00000000       0x3c ..\obj\stm32f4xx_tim.o
 .text.TIM_BDTRConfig
                0x00000000       0x50 ..\obj\stm32f4xx_tim.o
 .text.TIM_BDTRStructInit
                0x00000000       0x3c ..\obj\stm32f4xx_tim.o
 .text.TIM_CtrlPWMOutputs
                0x00000000       0x4c ..\obj\stm32f4xx_tim.o
 .text.TIM_SelectCOM
                0x00000000       0x40 ..\obj\stm32f4xx_tim.o
 .text.TIM_CCPreloadControl
                0x00000000       0x40 ..\obj\stm32f4xx_tim.o
 .text.TIM_ITConfig
                0x00000000       0x48 ..\obj\stm32f4xx_tim.o
 .text.TIM_GenerateEvent
                0x00000000       0x1c ..\obj\stm32f4xx_tim.o
 .text.TIM_GetFlagStatus
                0x00000000       0x38 ..\obj\stm32f4xx_tim.o
 .text.TIM_ClearFlag
                0x00000000       0x20 ..\obj\stm32f4xx_tim.o
 .text.TIM_GetITStatus
                0x00000000       0x54 ..\obj\stm32f4xx_tim.o
 .text.TIM_ClearITPendingBit
                0x00000000       0x20 ..\obj\stm32f4xx_tim.o
 .text.TIM_DMAConfig
                0x00000000       0x28 ..\obj\stm32f4xx_tim.o
 .text.TIM_DMACmd
                0x00000000       0x48 ..\obj\stm32f4xx_tim.o
 .text.TIM_SelectCCDMA
                0x00000000       0x40 ..\obj\stm32f4xx_tim.o
 .text.TIM_InternalClockConfig
                0x00000000       0x24 ..\obj\stm32f4xx_tim.o
 .text.TIM_ITRxExternalClockConfig
                0x00000000       0x2c ..\obj\stm32f4xx_tim.o
 .text.TIM_TIxExternalClockConfig
                0x00000000       0x60 ..\obj\stm32f4xx_tim.o
 .text.TIM_ETRClockMode1Config
                0x00000000       0x5c ..\obj\stm32f4xx_tim.o
 .text.TIM_ETRClockMode2Config
                0x00000000       0x3c ..\obj\stm32f4xx_tim.o
 .text.TIM_SelectInputTrigger
                0x00000000       0x38 ..\obj\stm32f4xx_tim.o
 .text.TIM_SelectOutputTrigger
                0x00000000       0x38 ..\obj\stm32f4xx_tim.o
 .text.TIM_SelectSlaveMode
                0x00000000       0x38 ..\obj\stm32f4xx_tim.o
 .text.TIM_SelectMasterSlaveMode
                0x00000000       0x38 ..\obj\stm32f4xx_tim.o
 .text.TIM_ETRConfig
                0x00000000       0x54 ..\obj\stm32f4xx_tim.o
 .text.TIM_EncoderInterfaceConfig
                0x00000000       0x98 ..\obj\stm32f4xx_tim.o
 .text.TIM_SelectHallSensor
                0x00000000       0x40 ..\obj\stm32f4xx_tim.o
 .text.TIM_RemapConfig
                0x00000000       0x20 ..\obj\stm32f4xx_tim.o
 .text.TI1_Config
                0x00000000       0x84 ..\obj\stm32f4xx_tim.o
 .text.TI2_Config
                0x00000000       0x98 ..\obj\stm32f4xx_tim.o
 .text.TI3_Config
                0x00000000       0x90 ..\obj\stm32f4xx_tim.o
 .text.TI4_Config
                0x00000000       0x9c ..\obj\stm32f4xx_tim.o
 .debug_info    0x00000000     0x1c61 ..\obj\stm32f4xx_tim.o
 .debug_abbrev  0x00000000      0x187 ..\obj\stm32f4xx_tim.o
 .debug_aranges
                0x00000000      0x2f8 ..\obj\stm32f4xx_tim.o
 .debug_ranges  0x00000000      0x2e8 ..\obj\stm32f4xx_tim.o
 .debug_line    0x00000000      0xa83 ..\obj\stm32f4xx_tim.o
 .debug_str     0x00000000      0xdd4 ..\obj\stm32f4xx_tim.o
 .comment       0x00000000       0x71 ..\obj\stm32f4xx_tim.o
 .debug_frame   0x00000000      0xe54 ..\obj\stm32f4xx_tim.o
 .ARM.attributes
                0x00000000       0x33 ..\obj\stm32f4xx_tim.o
 .text          0x00000000        0x0 ..\obj\xbee.o
 .data          0x00000000        0x0 c:/coocox/gcc-arm-none-eabi-4_9-2014q4-20141203-win32/bin/../lib/gcc/arm-none-eabi/4.9.3/../../../../arm-none-eabi/lib/armv7e-m\libg.a(lib_a-memcpy.o)
 .bss           0x00000000        0x0 c:/coocox/gcc-arm-none-eabi-4_9-2014q4-20141203-win32/bin/../lib/gcc/arm-none-eabi/4.9.3/../../../../arm-none-eabi/lib/armv7e-m\libg.a(lib_a-memcpy.o)

Memory Configuration

Name             Origin             Length             Attributes
rom              0x08000000         0x00100000         xr
ram              0x20000000         0x00020000         xrw
ram1             0x10000000         0x00010000         xrw
*default*        0x00000000         0xffffffff

Linker script and memory map

                0x20020000                _eram = 0x20020000

.text           0x08000000     0x12f8
 *(.isr_vector)
 .isr_vector    0x08000000      0x188 ..\obj\startup_stm32f4xx.o
                0x08000000                g_pfnVectors
 *(.text*)
 .text.protocol_rx_data
                0x08000188       0xac ..\obj\protocol.o
                0x08000188                protocol_rx_data
 .text.protocol_packet_generator
                0x08000234       0x6c ..\obj\protocol.o
                0x08000234                protocol_packet_generator
 .text.protocol_data_packet_generator
                0x080002a0       0xb4 ..\obj\protocol.o
                0x080002a0                protocol_data_packet_generator
 .text.USART_Init
                0x08000354      0x178 ..\obj\stm32f4xx_usart.o
                0x08000354                USART_Init
 .text.USART_Cmd
                0x080004cc       0x40 ..\obj\stm32f4xx_usart.o
                0x080004cc                USART_Cmd
 .text.USART_SendData
                0x0800050c       0x24 ..\obj\stm32f4xx_usart.o
                0x0800050c                USART_SendData
 .text.USART_ITConfig
                0x08000530       0x90 ..\obj\stm32f4xx_usart.o
                0x08000530                USART_ITConfig
 .text.USART_GetFlagStatus
                0x080005c0       0x38 ..\obj\stm32f4xx_usart.o
                0x080005c0                USART_GetFlagStatus
 .text.USART_GetITStatus
                0x080005f8       0xb8 ..\obj\stm32f4xx_usart.o
                0x080005f8                USART_GetITStatus
 .text.dataqueue_add
                0x080006b0       0xb0 ..\obj\dataqueue.o
                0x080006b0                dataqueue_add
 .text.dataqueue_remove
                0x08000760       0x6c ..\obj\dataqueue.o
                0x08000760                dataqueue_remove
 .text.dataqueue_peek
                0x080007cc       0x3c ..\obj\dataqueue.o
                0x080007cc                dataqueue_peek
 .text.dataqueue_init
                0x08000808       0x20 ..\obj\dataqueue.o
                0x08000808                dataqueue_init
 .text.Default_Reset_Handler
                0x08000828       0x58 ..\obj\startup_stm32f4xx.o
                0x08000828                Default_Reset_Handler
                0x08000828                Reset_Handler
 .text.Default_Handler
                0x08000880        0x8 ..\obj\startup_stm32f4xx.o
                0x08000880                RTC_Alarm_IRQHandler
                0x08000880                HASH_RNG_IRQHandler
                0x08000880                EXTI2_IRQHandler
                0x08000880                TIM8_CC_IRQHandler
                0x08000880                DebugMon_Handler
                0x08000880                TIM1_CC_IRQHandler
                0x08000880                DMA2_Stream5_IRQHandler
                0x08000880                DMA1_Stream5_IRQHandler
                0x08000880                SysTick_Handler
                0x08000880                PVD_IRQHandler
                0x08000880                SDIO_IRQHandler
                0x08000880                TAMP_STAMP_IRQHandler
                0x08000880                PendSV_Handler
                0x08000880                NMI_Handler
                0x08000880                CAN2_RX1_IRQHandler
                0x08000880                EXTI3_IRQHandler
                0x08000880                TIM8_TRG_COM_TIM14_IRQHandler
                0x08000880                TIM1_UP_TIM10_IRQHandler
                0x08000880                TIM8_UP_TIM13_IRQHandler
                0x08000880                I2C3_ER_IRQHandler
                0x08000880                EXTI0_IRQHandler
                0x08000880                I2C2_EV_IRQHandler
                0x08000880                DMA1_Stream2_IRQHandler
                0x08000880                CAN1_RX0_IRQHandler
                0x08000880                FPU_IRQHandler
                0x08000880                OTG_HS_WKUP_IRQHandler
                0x08000880                UsageFault_Handler
                0x08000880                CAN2_SCE_IRQHandler
                0x08000880                DMA2_Stream2_IRQHandler
                0x08000880                SPI1_IRQHandler
                0x08000880                TIM6_DAC_IRQHandler
                0x08000880                TIM1_BRK_TIM9_IRQHandler
                0x08000880                DCMI_IRQHandler
                0x08000880                CAN2_RX0_IRQHandler
                0x08000880                DMA2_Stream3_IRQHandler
                0x08000880                USART6_IRQHandler
                0x08000880                USART3_IRQHandler
                0x08000880                CRYP_IRQHandler
                0x08000880                CAN1_RX1_IRQHandler
                0x08000880                UART5_IRQHandler
                0x08000880                DMA2_Stream0_IRQHandler
                0x08000880                TIM4_IRQHandler
                0x08000880                I2C1_EV_IRQHandler
                0x08000880                DMA1_Stream6_IRQHandler
                0x08000880                DMA1_Stream1_IRQHandler
                0x08000880                UART4_IRQHandler
                0x08000880                TIM3_IRQHandler
                0x08000880                RCC_IRQHandler
                0x08000880                TIM8_BRK_TIM12_IRQHandler
                0x08000880                EXTI15_10_IRQHandler
                0x08000880                ADC_IRQHandler
                0x08000880                DMA1_Stream7_IRQHandler
                0x08000880                TIM7_IRQHandler
                0x08000880                CAN2_TX_IRQHandler
                0x08000880                TIM5_IRQHandler
                0x08000880                DMA2_Stream7_IRQHandler
                0x08000880                I2C3_EV_IRQHandler
                0x08000880                EXTI9_5_IRQHandler
                0x08000880                RTC_WKUP_IRQHandler
                0x08000880                ETH_WKUP_IRQHandler
                0x08000880                SPI2_IRQHandler
                0x08000880                OTG_HS_EP1_IN_IRQHandler
                0x08000880                MemManage_Handler
                0x08000880                DMA1_Stream0_IRQHandler
                0x08000880                CAN1_TX_IRQHandler
                0x08000880                SVC_Handler
                0x08000880                EXTI4_IRQHandler
                0x08000880                FSMC_IRQHandler
                0x08000880                ETH_IRQHandler
                0x08000880                OTG_HS_EP1_OUT_IRQHandler
                0x08000880                WWDG_IRQHandler
                0x08000880                TIM2_IRQHandler
                0x08000880                OTG_FS_WKUP_IRQHandler
                0x08000880                TIM1_TRG_COM_TIM11_IRQHandler
                0x08000880                OTG_HS_IRQHandler
                0x08000880                EXTI1_IRQHandler
                0x08000880                USART2_IRQHandler
                0x08000880                I2C2_ER_IRQHandler
                0x08000880                DMA2_Stream1_IRQHandler
                0x08000880                CAN1_SCE_IRQHandler
                0x08000880                FLASH_IRQHandler
                0x08000880                DMA2_Stream4_IRQHandler
                0x08000880                BusFault_Handler
                0x08000880                OTG_FS_IRQHandler
                0x08000880                SPI3_IRQHandler
                0x08000880                DMA1_Stream4_IRQHandler
                0x08000880                I2C1_ER_IRQHandler
                0x08000880                DMA2_Stream6_IRQHandler
                0x08000880                DMA1_Stream3_IRQHandler
 .text.main     0x08000888       0x8c ..\obj\main.o
                0x08000888                main
 .text.Delay    0x08000914       0x20 ..\obj\main.o
                0x08000914                Delay
 .text.RCC_GetClocksFreq
                0x08000934      0x154 ..\obj\stm32f4xx_rcc.o
                0x08000934                RCC_GetClocksFreq
 .text.RCC_AHB1PeriphClockCmd
                0x08000a88       0x3c ..\obj\stm32f4xx_rcc.o
                0x08000a88                RCC_AHB1PeriphClockCmd
 .text.RCC_APB2PeriphClockCmd
                0x08000ac4       0x3c ..\obj\stm32f4xx_rcc.o
                0x08000ac4                RCC_APB2PeriphClockCmd
 .text.GPIO_Init
                0x08000b00      0x11c ..\obj\stm32f4xx_gpio.o
                0x08000b00                GPIO_Init
 .text.GPIO_PinAFConfig
                0x08000c1c       0x90 ..\obj\stm32f4xx_gpio.o
                0x08000c1c                GPIO_PinAFConfig
 .text          0x08000cac       0x28 ..\obj\sh_cmd.o
                0x08000cac                SH_DoCommand
                0x08000cbe                HardFault_Handler
 .text.NVIC_Init
                0x08000cd4       0xc0 ..\obj\misc.o
                0x08000cd4                NVIC_Init
 .text.init_USART1
                0x08000d94       0xb4 ..\obj\xbee.o
                0x08000d94                init_USART1
 .text.send_byte
                0x08000e48       0x7c ..\obj\xbee.o
                0x08000e48                send_byte
 .text.xbee_send
                0x08000ec4       0xac ..\obj\xbee.o
                0x08000ec4                xbee_send
 .text.get_frame_id
                0x08000f70       0x30 ..\obj\xbee.o
                0x08000f70                get_frame_id
 .text.tx_request
                0x08000fa0       0xe4 ..\obj\xbee.o
                0x08000fa0                tx_request
 .text.echo     0x08001084       0x44 ..\obj\xbee.o
                0x08001084                echo
 .text.rx_request
                0x080010c8       0xcc ..\obj\xbee.o
                0x080010c8                rx_request
 .text.USART1_IRQHandler
                0x08001194       0x20 ..\obj\xbee.o
                0x08001194                USART1_IRQHandler
 .text          0x080011b4      0x134 c:/coocox/gcc-arm-none-eabi-4_9-2014q4-20141203-win32/bin/../lib/gcc/arm-none-eabi/4.9.3/../../../../arm-none-eabi/lib/armv7e-m\libg.a(lib_a-memcpy.o)
                0x080011b4                memcpy
 *(.init)
 *(.fini)
 *crtbegin.o(.ctors)
 *crtbegin?.o(.ctors)
 *(EXCLUDE_FILE(*crtend.o *crtend?.o) .ctors)
 *(SORT(.ctors.*))
 *(.ctors)
 *crtbegin.o(.dtors)
 *crtbegin?.o(.dtors)
 *(EXCLUDE_FILE(*crtend.o *crtend?.o) .dtors)
 *(SORT(.dtors.*))
 *(.dtors)
 *(.rodata*)
 .rodata        0x080012e8       0x10 ..\obj\main.o
 *(.eh_fram e*)

.glue_7         0x080012f8        0x0
 .glue_7        0x00000000        0x0 linker stubs

.glue_7t        0x080012f8        0x0
 .glue_7t       0x00000000        0x0 linker stubs

.vfp11_veneer   0x080012f8        0x0
 .vfp11_veneer  0x00000000        0x0 linker stubs

.v4_bx          0x080012f8        0x0
 .v4_bx         0x00000000        0x0 linker stubs

.iplt           0x080012f8        0x0
 .iplt          0x00000000        0x0 ..\obj\semihosting.o

.rel.dyn        0x080012f8        0x0
 .rel.iplt      0x00000000        0x0 ..\obj\semihosting.o

.ARM.extab
 *(.ARM.extab* .gnu.linkonce.armextab.*)
                0x080012f8                __exidx_start = .

.ARM.exidx
 *(.ARM.exidx* .gnu.linkonce.armexidx.*)
                0x080012f8                __exidx_end = .
                0x080012f8                __etext = .
                0x080012f8                _sidata = __etext

.data           0x20000000       0x14 load address 0x080012f8
                0x20000000                __data_start__ = .
                0x20000000                _sdata = __data_start__
 *(vtable)
 *(.data*)
 .data          0x20000000       0x10 ..\obj\stm32f4xx_rcc.o
 .data          0x20000010        0x2 ..\obj\xbee.o
                0x20000014                . = ALIGN (0x4)
 *fill*         0x20000012        0x2 
                0x20000014                PROVIDE (__preinit_array_start, .)
 *(.preinit_array)
                0x20000014                PROVIDE (__preinit_array_end, .)
                0x20000014                . = ALIGN (0x4)
                0x20000014                PROVIDE (__init_array_start, .)
 *(SORT(.init_array.*))
 *(.init_array)
                0x20000014                PROVIDE (__init_array_end, .)
                0x20000014                . = ALIGN (0x4)
                0x20000014                PROVIDE (__fini_array_start, .)
 *(SORT(.fini_array.*))
 *(.fini_array)
                0x20000014                PROVIDE (__fini_array_end, .)
 *(.jcr*)
                0x20000014                . = ALIGN (0x4)
                0x20000014                __data_end__ = .
                0x20000014                _edata = __data_end__

.igot.plt       0x20000014        0x0 load address 0x0800130c
 .igot.plt      0x00000000        0x0 ..\obj\semihosting.o

.bss            0x20000014       0xfc load address 0x0800130c
                0x20000014                . = ALIGN (0x4)
                0x20000014                __bss_start__ = .
                0x20000014                _sbss = __bss_start__
 *(.bss*)
 .bss           0x20000014        0x1 ..\obj\main.o
                0x20000014                escaped
 *fill*         0x20000015        0x1 
 .bss           0x20000016        0x4 ..\obj\xbee.o
 *(COMMON)
 *fill*         0x2000001a        0x2 
 COMMON         0x2000001c       0xde ..\obj\protocol.o
                0x2000001c                g_packet
                0x2000008c                Rx_Buffer
 *fill*         0x200000fa        0x2 
 COMMON         0x200000fc       0x14 ..\obj\main.o
                0x200000fc                g_dataqueue_front
                0x20000100                g_data
                0x2000010c                g_dataqueue_size
                0x20000110                . = ALIGN (0x4)
                0x20000110                __bss_end__ = .
                0x20000110                _ebss = __bss_end__

.heap           0x20000110        0x0
                0x20000110                __end__ = .
                0x20000110                _end = __end__
                0x20000110                end = __end__
 *(.heap*)
                0x20000110                __HeapLimit = .

.co_stack       0x20000110      0x800 load address 0x08001408
                0x20000110                . = ALIGN (0x8)
 *(.co_stack .co_stack.*)
 .co_stack      0x20000110      0x800 ..\obj\startup_stm32f4xx.o
                0x20000110                pulStack
                0x20020000                __StackTop = (ORIGIN (ram) + 0x20000)
                0x2001f800                __StackLimit = (__StackTop - SIZEOF (.co_stack))
                0x20020000                PROVIDE (__stack, __StackTop)
                0x00000001                ASSERT ((__StackLimit >= __HeapLimit), region ram  overflowed with stack)
LOAD ..\obj\semihosting.o
LOAD ..\obj\protocol.o
LOAD ..\obj\stm32f4xx_usart.o
LOAD ..\obj\stm32f4xx_pwr.o
LOAD ..\obj\stm32f4xx_dac.o
LOAD ..\obj\dataqueue.o
LOAD ..\obj\startup_stm32f4xx.o
LOAD ..\obj\main.o
LOAD ..\obj\stm32f4xx_rcc.o
LOAD ..\obj\stm32f4xx_adc.o
LOAD ..\obj\printf.o
LOAD ..\obj\stm32f4xx_gpio.o
LOAD ..\obj\sh_cmd.o
LOAD ..\obj\system_stm32f4xx.o
LOAD ..\obj\syscalls.o
LOAD ..\obj\stm32f4xx_dma.o
LOAD ..\obj\stm32f4xx_spi.o
LOAD ..\obj\stm32f4xx_i2c.o
LOAD ..\obj\stm32f4xx_rng.o
LOAD ..\obj\misc.o
LOAD ..\obj\stm32f4xx_rtc.o
LOAD ..\obj\stm32f4xx_tim.o
LOAD ..\obj\xbee.o
START GROUP
LOAD c:/coocox/gcc-arm-none-eabi-4_9-2014q4-20141203-win32/bin/../lib/gcc/arm-none-eabi/4.9.3/armv7e-m\libgcc.a
LOAD c:/coocox/gcc-arm-none-eabi-4_9-2014q4-20141203-win32/bin/../lib/gcc/arm-none-eabi/4.9.3/../../../../arm-none-eabi/lib/armv7e-m\libg.a
LOAD c:/coocox/gcc-arm-none-eabi-4_9-2014q4-20141203-win32/bin/../lib/gcc/arm-none-eabi/4.9.3/../../../../arm-none-eabi/lib/armv7e-m\libc.a
END GROUP
OUTPUT(xbee_test.elf elf32-littlearm)

.debug_info     0x00000000     0x331e
 .debug_info    0x00000000      0x31b ..\obj\protocol.o
 .debug_info    0x0000031b      0x9c2 ..\obj\stm32f4xx_usart.o
 .debug_info    0x00000cdd      0x1c5 ..\obj\dataqueue.o
 .debug_info    0x00000ea2       0xed ..\obj\startup_stm32f4xx.o
 .debug_info    0x00000f8f      0x2c1 ..\obj\main.o
 .debug_info    0x00001250      0xc4d ..\obj\stm32f4xx_rcc.o
 .debug_info    0x00001e9d      0x602 ..\obj\stm32f4xx_gpio.o
 .debug_info    0x0000249f       0xa9 ..\obj\sh_cmd.o
 .debug_info    0x00002548      0x53d ..\obj\misc.o
 .debug_info    0x00002a85      0x899 ..\obj\xbee.o

.debug_abbrev   0x00000000      0xbce
 .debug_abbrev  0x00000000      0x13e ..\obj\protocol.o
 .debug_abbrev  0x0000013e      0x155 ..\obj\stm32f4xx_usart.o
 .debug_abbrev  0x00000293       0xe9 ..\obj\dataqueue.o
 .debug_abbrev  0x0000037c       0xb0 ..\obj\startup_stm32f4xx.o
 .debug_abbrev  0x0000042c       0xe2 ..\obj\main.o
 .debug_abbrev  0x0000050e      0x1e3 ..\obj\stm32f4xx_rcc.o
 .debug_abbrev  0x000006f1      0x1a3 ..\obj\stm32f4xx_gpio.o
 .debug_abbrev  0x00000894       0x14 ..\obj\sh_cmd.o
 .debug_abbrev  0x000008a8      0x145 ..\obj\misc.o
 .debug_abbrev  0x000009ed      0x1e1 ..\obj\xbee.o

.debug_aranges  0x00000000      0x488
 .debug_aranges
                0x00000000       0x48 ..\obj\protocol.o
 .debug_aranges
                0x00000048      0x100 ..\obj\stm32f4xx_usart.o
 .debug_aranges
                0x00000148       0x38 ..\obj\dataqueue.o
 .debug_aranges
                0x00000180       0x28 ..\obj\startup_stm32f4xx.o
 .debug_aranges
                0x000001a8       0x28 ..\obj\main.o
 .debug_aranges
                0x000001d0      0x178 ..\obj\stm32f4xx_rcc.o
 .debug_aranges
                0x00000348       0x88 ..\obj\stm32f4xx_gpio.o
 .debug_aranges
                0x000003d0       0x20 ..\obj\sh_cmd.o
 .debug_aranges
                0x000003f0       0x40 ..\obj\misc.o
 .debug_aranges
                0x00000430       0x58 ..\obj\xbee.o

.debug_ranges   0x00000000      0x3d8
 .debug_ranges  0x00000000       0x38 ..\obj\protocol.o
 .debug_ranges  0x00000038       0xf0 ..\obj\stm32f4xx_usart.o
 .debug_ranges  0x00000128       0x28 ..\obj\dataqueue.o
 .debug_ranges  0x00000150       0x18 ..\obj\startup_stm32f4xx.o
 .debug_ranges  0x00000168       0x18 ..\obj\main.o
 .debug_ranges  0x00000180      0x168 ..\obj\stm32f4xx_rcc.o
 .debug_ranges  0x000002e8       0x78 ..\obj\stm32f4xx_gpio.o
 .debug_ranges  0x00000360       0x30 ..\obj\misc.o
 .debug_ranges  0x00000390       0x48 ..\obj\xbee.o

.debug_line     0x00000000     0x1a22
 .debug_line    0x00000000      0x228 ..\obj\protocol.o
 .debug_line    0x00000228      0x4bb ..\obj\stm32f4xx_usart.o
 .debug_line    0x000006e3      0x176 ..\obj\dataqueue.o
 .debug_line    0x00000859       0xa5 ..\obj\startup_stm32f4xx.o
 .debug_line    0x000008fe      0x1f3 ..\obj\main.o
 .debug_line    0x00000af1      0x5ba ..\obj\stm32f4xx_rcc.o
 .debug_line    0x000010ab      0x35c ..\obj\stm32f4xx_gpio.o
 .debug_line    0x00001407       0x86 ..\obj\sh_cmd.o
 .debug_line    0x0000148d      0x25e ..\obj\misc.o
 .debug_line    0x000016eb      0x337 ..\obj\xbee.o

.debug_str      0x00000000     0x1a7d
 .debug_str     0x00000000      0x29a ..\obj\protocol.o
                                0x2fa (size before relaxing)
 .debug_str     0x0000029a      0x522 ..\obj\stm32f4xx_usart.o
                                0x693 (size before relaxing)
 .debug_str     0x000007bc       0x8a ..\obj\dataqueue.o
                                0x1f0 (size before relaxing)
 .debug_str     0x00000846       0xb4 ..\obj\startup_stm32f4xx.o
                                0x14b (size before relaxing)
 .debug_str     0x000008fa       0x5c ..\obj\main.o
                                0x2bf (size before relaxing)
 .debug_str     0x00000956      0x5e7 ..\obj\stm32f4xx_rcc.o
                                0x854 (size before relaxing)
 .debug_str     0x00000f3d      0x327 ..\obj\stm32f4xx_gpio.o
                                0x4a7 (size before relaxing)
 .debug_str     0x00001264      0x22a ..\obj\misc.o
                                0x3d2 (size before relaxing)
 .debug_str     0x0000148e      0x5ef ..\obj\xbee.o
                                0xa97 (size before relaxing)

.comment        0x00000000       0x70
 .comment       0x00000000       0x70 ..\obj\protocol.o
                                 0x71 (size before relaxing)
 .comment       0x00000000       0x71 ..\obj\stm32f4xx_usart.o
 .comment       0x00000000       0x71 ..\obj\dataqueue.o
 .comment       0x00000000       0x71 ..\obj\startup_stm32f4xx.o
 .comment       0x00000000       0x71 ..\obj\main.o
 .comment       0x00000000       0x71 ..\obj\stm32f4xx_rcc.o
 .comment       0x00000000       0x71 ..\obj\stm32f4xx_gpio.o
 .comment       0x00000000       0x71 ..\obj\misc.o
 .comment       0x00000000       0x71 ..\obj\xbee.o

.ARM.attributes
                0x00000000       0x31
 .ARM.attributes
                0x00000000       0x33 ..\obj\protocol.o
 .ARM.attributes
                0x00000033       0x33 ..\obj\stm32f4xx_usart.o
 .ARM.attributes
                0x00000066       0x33 ..\obj\dataqueue.o
 .ARM.attributes
                0x00000099       0x33 ..\obj\startup_stm32f4xx.o
 .ARM.attributes
                0x000000cc       0x33 ..\obj\main.o
 .ARM.attributes
                0x000000ff       0x33 ..\obj\stm32f4xx_rcc.o
 .ARM.attributes
                0x00000132       0x33 ..\obj\stm32f4xx_gpio.o
 .ARM.attributes
                0x00000165       0x21 ..\obj\sh_cmd.o
 .ARM.attributes
                0x00000186       0x33 ..\obj\misc.o
 .ARM.attributes
                0x000001b9       0x33 ..\obj\xbee.o
 .ARM.attributes
                0x000001ec       0x1c c:/coocox/gcc-arm-none-eabi-4_9-2014q4-20141203-win32/bin/../lib/gcc/arm-none-eabi/4.9.3/../../../../arm-none-eabi/lib/armv7e-m\libg.a(lib_a-memcpy.o)

.debug_frame    0x00000000     0x11cc
 .debug_frame   0x00000000       0xe0 ..\obj\protocol.o
 .debug_frame   0x000000e0      0x490 ..\obj\stm32f4xx_usart.o
 .debug_frame   0x00000570       0xa4 ..\obj\dataqueue.o
 .debug_frame   0x00000614       0x4c ..\obj\startup_stm32f4xx.o
 .debug_frame   0x00000660       0x58 ..\obj\main.o
 .debug_frame   0x000006b8      0x6d4 ..\obj\stm32f4xx_rcc.o
 .debug_frame   0x00000d8c      0x23c ..\obj\stm32f4xx_gpio.o
 .debug_frame   0x00000fc8       0xd8 ..\obj\misc.o
 .debug_frame   0x000010a0      0x12c ..\obj\xbee.o
